MPLINK 5.00, LINKER
Linker Map File - Created Sun Nov 25 10:24:28 2018

                                 Section Info
                  Section       Type    Address   Location Size(Bytes)
                ---------  ---------  ---------  ---------  ---------
               _entry_scn       code   0x000000    program   0x000006
              high_vector       code   0x000008    program   0x000006
                   .cinit    romdata   0x00002a    program   0x00004a
         .code__counter.o       code   0x000074    program   0x000eca
         .code_vfprintf.o       code   0x000f3e    program   0x000c22
                     PROG       code   0x001b60    program   0x000524
            .code__temp.o       code   0x002084    program   0x0004d0
            .code__fram.o       code   0x002554    program   0x000454
       .code__interface.o       code   0x0029a8    program   0x000430
          .code__eeprom.o       code   0x002dd8    program   0x0003c4
         .code__speaker.o       code   0x00319c    program   0x0001bc
             .stringtable    romdata   0x003358    program   0x00017c
           .code__pNN50.o       code   0x0034d4    program   0x00017c
            .code__kpad.o       code   0x003650    program   0x0000ee
         .code_openxlcd.o       code   0x00373e    program   0x0000ce
             .code__lcd.o       code   0x00380c    program   0x0000b2
          .code_sprintf.o       code   0x0038be    program   0x0000ac
               _cinit_scn       code   0x00396a    program   0x00009e
             .code_putc.o       code   0x003a08    program   0x000084
          .code__countv.o       code   0x003a8c    program   0x000080
          .code_fxm3232.o       code   0x003b0c    program   0x000070
                   STRING       code   0x003b7c    program   0x000066
         .code_pw1setdc.o       code   0x003be2    program   0x00005e
             .code__dbg.o       code   0x003c40    program   0x00005c
             .code__adc.o       code   0x003c9c    program   0x00005a
         .code_setddram.o       code   0x003cf6    program   0x00004e
         .code_setcgram.o       code   0x003d44    program   0x00004e
         .code_putrxlcd.o       code   0x003d92    program   0x00004e
         .code_writdata.o       code   0x003de0    program   0x00004c
         .code_wcmdxlcd.o       code   0x003e2c    program   0x00004c
         .code_putsxlcd.o       code   0x003e78    program   0x00004a
         .code_fxd3232u.o       code   0x003ec2    program   0x000048
          .code_adcopen.o       code   0x003f0a    program   0x000048
         .code_readdata.o       code   0x003f52    program   0x000044
         .code_readaddr.o       code   0x003f96    program   0x000044
           .code_t1read.o       code   0x003fda    program   0x00003e
           .code_t0read.o       code   0x004018    program   0x00003e
          .code_t0write.o       code   0x004056    program   0x000038
           .code_t2open.o       code   0x00408e    program   0x000036
         .code_busyxlcd.o       code   0x0040c4    program   0x000036
          .code_pw1open.o       code   0x0040fa    program   0x000030
             D10KTCYXCODE       code   0x00412a    program   0x00002e
         .code_fxd1616u.o       code   0x004158    program   0x00002c
                    CTYPE       code   0x004184    program   0x000024
              D1KTCYXCODE       code   0x0041a8    program   0x000020
                    .code       code   0x0041c8    program   0x000020
             _startup_scn       code   0x0041e8    program   0x00001c
                    STDIO       code   0x004204    program   0x00001c
              D10TCYXCODE       code   0x004220    program   0x000016
          .code_adcread.o       code   0x004236    program   0x000012
      .romdata_vfprintf.o    romdata   0x004248    program   0x000011
       .idata_adcconv.o_i    romdata   0x004259    program   0x000000
       .idata_adcread.o_i    romdata   0x004259    program   0x000000
       .idata_adcopen.o_i    romdata   0x004259    program   0x000000
       .romdata_adcopen.o    romdata   0x004259    program   0x000000
        .romdata_t2open.o    romdata   0x004259    program   0x000000
       .romdata_adcconv.o    romdata   0x004259    program   0x000000
        .idata_t2open.o_i    romdata   0x004259    program   0x000000
       .idata_pw1open.o_i    romdata   0x004259    program   0x000000
      .idata_fxd1616u.o_i    romdata   0x004259    program   0x000000
       .romdata_pw1open.o    romdata   0x004259    program   0x000000
      .romdata_fxd1616u.o    romdata   0x004259    program   0x000000
         .idata_c018i.o_i    romdata   0x004259    program   0x000000
    .romdata__user_putc.o    romdata   0x004259    program   0x000000
    .idata__user_putc.o_i    romdata   0x004259    program   0x000000
          .romdata_putc.o    romdata   0x004259    program   0x000000
          .idata_putc.o_i    romdata   0x004259    program   0x000000
       .romdata_fxm3232.o    romdata   0x004259    program   0x000000
       .idata_fxm3232.o_i    romdata   0x004259    program   0x000000
      .romdata_fxd3232u.o    romdata   0x004259    program   0x000000
      .idata_fxd3232u.o_i    romdata   0x004259    program   0x000000
         .romdata_c018i.o    romdata   0x004259    program   0x000000
      .idata_vfprintf.o_i    romdata   0x004259    program   0x000000
       .romdata_sprintf.o    romdata   0x004259    program   0x000000
       .idata_sprintf.o_i    romdata   0x004259    program   0x000000
        .romdata___init.o    romdata   0x004259    program   0x000000
        .idata___init.o_i    romdata   0x004259    program   0x000000
       .romdata_t0write.o    romdata   0x004259    program   0x000000
       .idata_t0write.o_i    romdata   0x004259    program   0x000000
      .romdata_pw1setdc.o    romdata   0x004259    program   0x000000
      .idata_pw1setdc.o_i    romdata   0x004259    program   0x000000
        .romdata_t1read.o    romdata   0x004259    program   0x000000
        .idata_t1read.o_i    romdata   0x004259    program   0x000000
        .romdata_t0read.o    romdata   0x004259    program   0x000000
        .idata_t0read.o_i    romdata   0x004259    program   0x000000
       .romdata_adcread.o    romdata   0x004259    program   0x000000
        .idata__pNN50.o_i    romdata   0x004259    program   0x000000
         .romdata__kpad.o    romdata   0x004259    program   0x000000
         .idata__kpad.o_i    romdata   0x004259    program   0x000000
    .romdata__interface.o    romdata   0x004259    program   0x000000
      .romdata_putsxlcd.o    romdata   0x004259    program   0x000000
      .idata_readaddr.o_i    romdata   0x004259    program   0x000000
      .romdata_readaddr.o    romdata   0x004259    program   0x000000
      .idata_readdata.o_i    romdata   0x004259    program   0x000000
      .idata_busyxlcd.o_i    romdata   0x004259    program   0x000000
      .romdata__counter.o    romdata   0x004259    program   0x000000
      .romdata_readdata.o    romdata   0x004259    program   0x000000
          .romdata__lcd.o    romdata   0x004259    program   0x000000
          .idata__lcd.o_i    romdata   0x004259    program   0x000000
      .idata_setcgram.o_i    romdata   0x004259    program   0x000000
          .romdata__adc.o    romdata   0x004259    program   0x000000
          .idata__adc.o_i    romdata   0x004259    program   0x000000
      .romdata_writdata.o    romdata   0x004259    program   0x000000
      .idata_writdata.o_i    romdata   0x004259    program   0x000000
      .romdata_wcmdxlcd.o    romdata   0x004259    program   0x000000
      .idata_wcmdxlcd.o_i    romdata   0x004259    program   0x000000
      .romdata_setddram.o    romdata   0x004259    program   0x000000
      .idata_setddram.o_i    romdata   0x004259    program   0x000000
      .romdata_setcgram.o    romdata   0x004259    program   0x000000
      .romdata_busyxlcd.o    romdata   0x004259    program   0x000000
      .romdata_pw1close.o    romdata   0x004259    program   0x000000
      .idata_pw1close.o_i    romdata   0x004259    program   0x000000
      .idata_openxlcd.o_i    romdata   0x004259    program   0x000000
      .romdata_adcclose.o    romdata   0x004259    program   0x000000
      .idata_adcclose.o_i    romdata   0x004259    program   0x000000
       .romdata_adcbusy.o    romdata   0x004259    program   0x000000
       .idata_adcbusy.o_i    romdata   0x004259    program   0x000000
         .romdata__fram.o    romdata   0x004259    program   0x000000
         .idata__fram.o_i    romdata   0x004259    program   0x000000
         .romdata__temp.o    romdata   0x004259    program   0x000000
      .romdata_openxlcd.o    romdata   0x004259    program   0x000000
      .romdata__speaker.o    romdata   0x004259    program   0x000000
      .idata_putrxlcd.o_i    romdata   0x004259    program   0x000000
       .romdata__eeprom.o    romdata   0x004259    program   0x000000
      .romdata_putrxlcd.o    romdata   0x004259    program   0x000000
          .romdata__dbg.o    romdata   0x004259    program   0x000000
          .idata__dbg.o_i    romdata   0x004259    program   0x000000
       .romdata__countv.o    romdata   0x004259    program   0x000000
      .idata_putsxlcd.o_i    romdata   0x004259    program   0x000000
        .romdata__pNN50.o    romdata   0x004259    program   0x000000
          .code_adcbusy.o       code   0x00425a    program   0x00000a
            .code_c018i.o       code   0x00425a    program   0x000000
         .code_adcclose.o       code   0x004264    program   0x000006
         .code_pw1close.o       code   0x00426a    program   0x000004
          .code_adcconv.o       code   0x00426e    program   0x000004
       .code__user_putc.o       code   0x004272    program   0x000002
           .code___init.o       code   0x004274    program   0x000002
         .idata__temp.o_i    romdata   0x004276    program   0x00001f
      .idata__speaker.o_i    romdata   0x004295    program   0x000002
    .idata__interface.o_i    romdata   0x004297    program   0x00000a
       .idata__eeprom.o_i    romdata   0x0042a1    program   0x000002
       .idata__countv.o_i    romdata   0x0042a3    program   0x000006
      .idata__counter.o_i    romdata   0x0042a9    program   0x000005
.config_300001__counter.o    romdata   0x300001    program   0x000001
.config_300003__counter.o    romdata   0x300003    program   0x000001
.config_300006__counter.o    romdata   0x300006    program   0x000001
                MATH_DATA      udata   0x000000       data   0x000014
                 .tmpdata      udata   0x000014       data   0x00000e
                h_isr_tmp      udata   0x000022       data   0x000004
                DELAYDAT2      udata   0x000026       data   0x000001
                DELAYDAT1      udata   0x000027       data   0x000001
                   .stack      udata   0x000080       data   0x000030
        .udata__counter.o      udata   0x0000b0       data   0x0000e6
      .udata__interface.o      udata   0x000196       data   0x0000a0
           .udata__temp.o      udata   0x000236       data   0x00003e
            .udata__dbg.o      udata   0x000274       data   0x000020
           .idata__temp.o      idata   0x000294       data   0x00001f
           .udata__fram.o      udata   0x0002b3       data   0x000012
           .udata_c018i.o      udata   0x0002c5       data   0x00000a
         .udata__eeprom.o      udata   0x0002cf       data   0x00000a
      .idata__interface.o      idata   0x0002d9       data   0x00000a
          .udata__pNN50.o      udata   0x0002e3       data   0x000006
         .idata__countv.o      idata   0x0002e9       data   0x000006
        .idata__counter.o      idata   0x0002ef       data   0x000005
            .udata__adc.o      udata   0x0002f4       data   0x000004
        .udata__speaker.o      udata   0x0002f8       data   0x000002
           .udata__kpad.o      udata   0x0002fa       data   0x000002
        .idata__speaker.o      idata   0x0002fc       data   0x000002
         .idata__eeprom.o      idata   0x0002fe       data   0x000002
         .udata_adcread.o      udata   0x000300       data   0x000000
            .idata_putc.o      idata   0x000300       data   0x000000
          .idata_t2open.o      idata   0x000300       data   0x000000
      .udata__user_putc.o      udata   0x000300       data   0x000000
      .idata__user_putc.o      idata   0x000300       data   0x000000
          .udata_t2open.o      udata   0x000300       data   0x000000
         .idata_pw1open.o      idata   0x000300       data   0x000000
         .udata_pw1open.o      udata   0x000300       data   0x000000
         .idata_adcopen.o      idata   0x000300       data   0x000000
         .udata_adcopen.o      udata   0x000300       data   0x000000
        .idata_fxd1616u.o      idata   0x000300       data   0x000000
        .udata_fxd1616u.o      udata   0x000300       data   0x000000
           .idata_c018i.o      idata   0x000300       data   0x000000
        .udata_busyxlcd.o      udata   0x000300       data   0x000000
         .udata_fxm3232.o      udata   0x000300       data   0x000000
        .idata_fxd3232u.o      idata   0x000300       data   0x000000
        .udata_fxd3232u.o      udata   0x000300       data   0x000000
        .idata_vfprintf.o      idata   0x000300       data   0x000000
        .udata_vfprintf.o      udata   0x000300       data   0x000000
         .idata_sprintf.o      idata   0x000300       data   0x000000
         .udata_sprintf.o      udata   0x000300       data   0x000000
          .idata___init.o      idata   0x000300       data   0x000000
          .udata___init.o      udata   0x000300       data   0x000000
         .idata_t0write.o      idata   0x000300       data   0x000000
         .udata_t0write.o      udata   0x000300       data   0x000000
        .idata_pw1setdc.o      idata   0x000300       data   0x000000
        .udata_pw1setdc.o      udata   0x000300       data   0x000000
          .idata_t1read.o      idata   0x000300       data   0x000000
          .udata_t1read.o      udata   0x000300       data   0x000000
         .idata_fxm3232.o      idata   0x000300       data   0x000000
          .idata_t0read.o      idata   0x000300       data   0x000000
            .udata_putc.o      udata   0x000300       data   0x000000
          .udata_t0read.o      udata   0x000300       data   0x000000
         .idata_adcread.o      idata   0x000300       data   0x000000
        .idata_writdata.o      idata   0x000300       data   0x000000
        .udata_writdata.o      udata   0x000300       data   0x000000
        .idata_wcmdxlcd.o      idata   0x000300       data   0x000000
        .udata_wcmdxlcd.o      udata   0x000300       data   0x000000
        .idata_setddram.o      idata   0x000300       data   0x000000
        .udata_setddram.o      udata   0x000300       data   0x000000
        .idata_setcgram.o      idata   0x000300       data   0x000000
        .udata_setcgram.o      udata   0x000300       data   0x000000
        .idata_readdata.o      idata   0x000300       data   0x000000
        .udata_readdata.o      udata   0x000300       data   0x000000
        .idata_readaddr.o      idata   0x000300       data   0x000000
        .udata_readaddr.o      udata   0x000300       data   0x000000
        .idata_putsxlcd.o      idata   0x000300       data   0x000000
        .udata_putsxlcd.o      udata   0x000300       data   0x000000
        .idata_putrxlcd.o      idata   0x000300       data   0x000000
        .udata_putrxlcd.o      udata   0x000300       data   0x000000
        .idata_openxlcd.o      idata   0x000300       data   0x000000
        .udata_openxlcd.o      udata   0x000300       data   0x000000
         .idata_adcconv.o      idata   0x000300       data   0x000000
         .udata_adcconv.o      udata   0x000300       data   0x000000
        .idata_pw1close.o      idata   0x000300       data   0x000000
        .udata_pw1close.o      udata   0x000300       data   0x000000
        .idata_adcclose.o      idata   0x000300       data   0x000000
        .udata_adcclose.o      udata   0x000300       data   0x000000
         .idata_adcbusy.o      idata   0x000300       data   0x000000
         .udata_adcbusy.o      udata   0x000300       data   0x000000
           .idata__fram.o      idata   0x000300       data   0x000000
            .idata__dbg.o      idata   0x000300       data   0x000000
         .udata__countv.o      udata   0x000300       data   0x000000
          .idata__pNN50.o      idata   0x000300       data   0x000000
           .idata__kpad.o      idata   0x000300       data   0x000000
        .idata_busyxlcd.o      idata   0x000300       data   0x000000
            .idata__lcd.o      idata   0x000300       data   0x000000
            .udata__lcd.o      udata   0x000300       data   0x000000
            .idata__adc.o      idata   0x000300       data   0x000000
            SFR_UNBANKED0      udata   0x000f80       data   0x000080



                              Program Memory Usage 
                               Start         End      
                           ---------   ---------      
                            0x000000    0x000005      
                            0x000008    0x00000d      
                            0x00002a    0x004258      
                            0x00425a    0x0042ad      
                            0x300001    0x300001      
                            0x300003    0x300003      
                            0x300006    0x300006      
            17042 out of 33048 program addresses used, program memory utilization is 51%



                              Symbols - Sorted by Name
                     Name    Address   Location    Storage File                     
                ---------  ---------  ---------  --------- ---------                
                  BusyADC   0x00425a    program     extern E:\3.46\pic18-lt\cxx-framework\src\pmc_common\ADC\adcbusy.c
                 BusyXLCD   0x0040c4    program     extern D:\ECNG 3006\LCDtest.X\_xlcd\busyxlcd.c
                 CloseADC   0x004264    program     extern E:\3.46\pic18-lt\cxx-framework\src\pmc_common\ADC\adcclose.c
                ClosePWM1   0x00426a    program     extern E:\3.46\pic18-lt\cxx-framework\src\pmc_common\PWM\pw1close.c
               ConvertADC   0x00426e    program     extern E:\3.46\pic18-lt\cxx-framework\src\pmc_common\ADC\adcconv.c
                   D10K_1   0x004136    program     static E:\3.46\pic18-lt\cxx-framework\src\traditional\delays\d10ktcyx.asm
                    D10Kl   0x004142    program     static E:\3.46\pic18-lt\cxx-framework\src\traditional\delays\d10ktcyx.asm
                    D10Kx   0x004134    program     static E:\3.46\pic18-lt\cxx-framework\src\traditional\delays\d10ktcyx.asm
                    D10_1   0x004230    program     static E:\3.46\pic18-lt\cxx-framework\src\traditional\delays\d10tcyx.asm
                     D10x   0x004228    program     static E:\3.46\pic18-lt\cxx-framework\src\traditional\delays\d10tcyx.asm
                   D1616S   0x001e5a    program     static E:\3.46\pic18-lt\cxx-framework\src\traditional\math\fxd1616s.asm
                D1616SNEG   0x001e68    program     static E:\3.46\pic18-lt\cxx-framework\src\traditional\math\fxd1616s.asm
                 D1616SOK   0x001e64    program     static E:\3.46\pic18-lt\cxx-framework\src\traditional\math\fxd1616s.asm
                  D1616SX   0x001e7a    program     static E:\3.46\pic18-lt\cxx-framework\src\traditional\math\fxd1616s.asm
                    D1K_1   0x0041b4    program     static E:\3.46\pic18-lt\cxx-framework\src\traditional\delays\d1ktcyx.asm
                     D1Kx   0x0041b2    program     static E:\3.46\pic18-lt\cxx-framework\src\traditional\delays\d1ktcyx.asm
                  DA1616S   0x001e4a    program     static E:\3.46\pic18-lt\cxx-framework\src\traditional\math\fxd1616s.asm
             Delay10KTCYx   0x00412a    program     extern E:\3.46\pic18-lt\cxx-framework\src\traditional\delays\d10ktcyx.asm
              Delay10TCYx   0x004220    program     extern E:\3.46\pic18-lt\cxx-framework\src\traditional\delays\d10tcyx.asm
              Delay1KTCYx   0x0041a8    program     extern E:\3.46\pic18-lt\cxx-framework\src\traditional\delays\d1ktcyx.asm
            DelayFor18TCY   0x003878    program     extern D:\ECNG 3006\LCDtest.X\_lcd.c
             DelayPORXLCD   0x0038a6    program     extern D:\ECNG 3006\LCDtest.X\_lcd.c
                DelayXLCD   0x0038b2    program     extern D:\ECNG 3006\LCDtest.X\_lcd.c
                 FLO1632S   0x001b64    program     extern E:\3.46\pic18-lt\cxx-framework\src\traditional\math\cast16FP.asm
                 FLO1632U   0x001b60    program     extern E:\3.46\pic18-lt\cxx-framework\src\traditional\math\cast16FP.asm
                    FPA32   0x001b8c    program     extern E:\3.46\pic18-lt\cxx-framework\src\traditional\math\addFP.asm
                    FPD32   0x001cb8    program     extern E:\3.46\pic18-lt\cxx-framework\src\traditional\math\divFP.asm
                    FPM32   0x001d5e    program     extern E:\3.46\pic18-lt\cxx-framework\src\traditional\math\mulFP.asm
                    FPS32   0x001b8a    program     extern E:\3.46\pic18-lt\cxx-framework\src\traditional\math\addFP.asm
                 FXD1616S   0x001e38    program     extern E:\3.46\pic18-lt\cxx-framework\src\traditional\math\fxd1616s.asm
                 FXD1616U   0x004158    program     extern E:\3.46\pic18-lt\cxx-framework\src\traditional\math\fxd1616u.c
                 FXD3232U   0x003ec2    program     extern E:\3.46\pic18-lt\cxx-framework\src\traditional\math\fxd3232u.c
                 FXM1616S   0x00202a    program     extern E:\3.46\pic18-lt\cxx-framework\src\traditional\math\fxm1616s.asm
                 FXM1616U   0x001e84    program     extern E:\3.46\pic18-lt\cxx-framework\src\traditional\math\fxm1616u.asm
                  FXM3232   0x003b0c    program     extern E:\3.46\pic18-lt\cxx-framework\src\traditional\math\fxm3232.c
                  INT3216   0x001ec0    program     extern E:\3.46\pic18-lt\cxx-framework\src\traditional\math\castFP16.asm
               LCD_config   0x003850    program     extern D:\ECNG 3006\LCDtest.X\_lcd.c
                LED_debug   0x003c40    program     extern D:\ECNG 3006\LCDtest.X\_dbg.c
                  OpenADC   0x003f0a    program     extern E:\3.46\pic18-lt\cxx-framework\src\pmc_common\ADC\adcopen.c
                 OpenPWM1   0x0040fa    program     extern E:\3.46\pic18-lt\cxx-framework\src\pmc_common\PWM\pw1open.c
         OpenPWM1ConfigIO   0x004126    program     extern E:\3.46\pic18-lt\cxx-framework\src\pmc_common\PWM\pw1open.c
               OpenTimer2   0x00408e    program     extern E:\3.46\pic18-lt\cxx-framework\src\pmc_common\Timers\t2open.c
                 OpenXLCD   0x00373e    program     extern D:\ECNG 3006\LCDtest.X\_xlcd\openxlcd.c
                  ReadADC   0x004236    program     extern E:\3.46\pic18-lt\cxx-framework\src\pmc_common\ADC\adcread.c
             ReadAddrXLCD   0x003f96    program     extern D:\ECNG 3006\LCDtest.X\_xlcd\readaddr.c
             ReadDataXLCD   0x003f52    program     extern D:\ECNG 3006\LCDtest.X\_xlcd\readdata.c
               ReadTimer0   0x004018    program     extern E:\3.46\pic18-lt\cxx-framework\src\pmc_common\Timers\t0read.c
               ReadTimer1   0x003fda    program     extern E:\3.46\pic18-lt\cxx-framework\src\pmc_common\Timers\t1read.c
             SetCGRamAddr   0x003d44    program     extern D:\ECNG 3006\LCDtest.X\_xlcd\setcgram.c
                SetDCPWM1   0x003be2    program     extern E:\3.46\pic18-lt\cxx-framework\src\pmc_common\PWM\pw1setdc.c
             SetDDRamAddr   0x003cf6    program     extern D:\ECNG 3006\LCDtest.X\_xlcd\setddram.c
               TSIGN1616A   0x002076    program     static E:\3.46\pic18-lt\cxx-framework\src\traditional\math\fxm1616s.asm
             WriteCmdXLCD   0x003e2c    program     extern D:\ECNG 3006\LCDtest.X\_xlcd\wcmdxlcd.c
            WriteDataXLCD   0x003de0    program     extern D:\ECNG 3006\LCDtest.X\_xlcd\writdata.c
              WriteTimer0   0x004056    program     extern E:\3.46\pic18-lt\cxx-framework\src\pmc_common\Timers\t0write.c
                   _2jEnd   0x003bcc    program     static E:\3.46\pic18-lt\cxx-framework\src\traditional\stdclib\slenpgm.asm
       _D10KTCYXCODE_0010   0x00413a    program     static E:\3.46\pic18-lt\cxx-framework\src\traditional\delays\d10ktcyx.asm
       _D10KTCYXCODE_001C   0x004146    program     static E:\3.46\pic18-lt\cxx-framework\src\traditional\delays\d10ktcyx.asm
        _D10TCYXCODE_000A   0x00422a    program     static E:\3.46\pic18-lt\cxx-framework\src\traditional\delays\d10tcyx.asm
        _D10TCYXCODE_000C   0x00422c    program     static E:\3.46\pic18-lt\cxx-framework\src\traditional\delays\d10tcyx.asm
        _D10TCYXCODE_000E   0x00422e    program     static E:\3.46\pic18-lt\cxx-framework\src\traditional\delays\d10tcyx.asm
        _D1KTCYXCODE_0010   0x0041b8    program     static E:\3.46\pic18-lt\cxx-framework\src\traditional\delays\d1ktcyx.asm
        _D1KTCYXCODE_0016   0x0041be    program     static E:\3.46\pic18-lt\cxx-framework\src\traditional\delays\d1ktcyx.asm
                 __FpExit   0x001f2a    program     extern E:\3.46\pic18-lt\cxx-framework\src\traditional\math\packFP.asm
                 __FpPack   0x001f56    program     extern E:\3.46\pic18-lt\cxx-framework\src\traditional\math\packFP.asm
            __FpReturnNaN   0x001f1e    program     extern E:\3.46\pic18-lt\cxx-framework\src\traditional\math\packFP.asm
         __FpReturnNegInf   0x001f30    program     extern E:\3.46\pic18-lt\cxx-framework\src\traditional\math\packFP.asm
        __FpReturnNegZero   0x001f48    program     extern E:\3.46\pic18-lt\cxx-framework\src\traditional\math\packFP.asm
         __FpReturnPosInf   0x001f36    program     extern E:\3.46\pic18-lt\cxx-framework\src\traditional\math\packFP.asm
        __FpReturnPosZero   0x001f50    program     extern E:\3.46\pic18-lt\cxx-framework\src\traditional\math\packFP.asm
        __FpReturnSignInf   0x001f2c    program     extern E:\3.46\pic18-lt\cxx-framework\src\traditional\math\packFP.asm
       __FpReturnSignZero   0x001f44    program     extern E:\3.46\pic18-lt\cxx-framework\src\traditional\math\packFP.asm
              __FpReturnW   0x001fae    program     extern E:\3.46\pic18-lt\cxx-framework\src\traditional\math\packFP.asm
              __FpUnPackA   0x001fce    program     extern E:\3.46\pic18-lt\cxx-framework\src\traditional\math\UnpackFP.asm
              __FpUnPackB   0x001ffe    program     extern E:\3.46\pic18-lt\cxx-framework\src\traditional\math\UnpackFP.asm
          ___for_lbl00003   0x002960    program     static                          
          ___for_lbl00004   0x00296a    program     static                          
          ___for_lbl00005   0x0028f6    program     static                          
          ___for_lbl00006   0x0021c4    program     static                          
          ___for_lbl00007   0x0021ca    program     static                          
          ___for_lbl00008   0x002168    program     static                          
       ___return_lbl00000   0x00000c    program     static                          
       ___return_lbl00000   0x004182    program     static                          
       ___return_lbl00000   0x003b7a    program     static                          
       ___return_lbl00000   0x000004    program     static                          
       ___return_lbl00000   0x003f08    program     static                          
       ___return_lbl00001   0x004202    program     static                          
       ___return_lbl00002   0x003a06    program     static                          
       ___return_lbl00002   0x002970    program     static                          
       ___return_lbl00005   0x0021ce    program     static                          
       ___return_lbl00010   0x0038a4    program     static                          
               __config_0   0x300001    program     static D:\ECNG 3006\LCDtest.X\_counter.c
               __config_1   0x300003    program     static D:\ECNG 3006\LCDtest.X\_counter.c
               __config_2   0x300006    program     static D:\ECNG 3006\LCDtest.X\_counter.c
                   __init   0x004274    program     extern E:\3.46\pic18-lt\cxx-framework\src\traditional\stdclib\__init.c
                   __pa_0   0x00187e    program     static E:\3.46\pic18-lt\cxx-framework\src\traditional\stdclib\vfprintf.c
                   __pa_1   0x001886    program     static E:\3.46\pic18-lt\cxx-framework\src\traditional\stdclib\vfprintf.c
                  __pa_10   0x00193a    program     static E:\3.46\pic18-lt\cxx-framework\src\traditional\stdclib\vfprintf.c
                  __pa_11   0x001948    program     static E:\3.46\pic18-lt\cxx-framework\src\traditional\stdclib\vfprintf.c
                  __pa_12   0x00195e    program     static E:\3.46\pic18-lt\cxx-framework\src\traditional\stdclib\vfprintf.c
                  __pa_13   0x001978    program     static E:\3.46\pic18-lt\cxx-framework\src\traditional\stdclib\vfprintf.c
                  __pa_14   0x001990    program     static E:\3.46\pic18-lt\cxx-framework\src\traditional\stdclib\vfprintf.c
                  __pa_15   0x0019a0    program     static E:\3.46\pic18-lt\cxx-framework\src\traditional\stdclib\vfprintf.c
                  __pa_16   0x0019b6    program     static E:\3.46\pic18-lt\cxx-framework\src\traditional\stdclib\vfprintf.c
                  __pa_17   0x0019c8    program     static E:\3.46\pic18-lt\cxx-framework\src\traditional\stdclib\vfprintf.c
                  __pa_18   0x0019da    program     static E:\3.46\pic18-lt\cxx-framework\src\traditional\stdclib\vfprintf.c
                  __pa_19   0x0019e4    program     static E:\3.46\pic18-lt\cxx-framework\src\traditional\stdclib\vfprintf.c
                   __pa_2   0x001890    program     static E:\3.46\pic18-lt\cxx-framework\src\traditional\stdclib\vfprintf.c
                  __pa_20   0x0019f4    program     static E:\3.46\pic18-lt\cxx-framework\src\traditional\stdclib\vfprintf.c
                  __pa_21   0x001a04    program     static E:\3.46\pic18-lt\cxx-framework\src\traditional\stdclib\vfprintf.c
                  __pa_22   0x001a14    program     static E:\3.46\pic18-lt\cxx-framework\src\traditional\stdclib\vfprintf.c
                  __pa_23   0x001a20    program     static E:\3.46\pic18-lt\cxx-framework\src\traditional\stdclib\vfprintf.c
                  __pa_24   0x001a2e    program     static E:\3.46\pic18-lt\cxx-framework\src\traditional\stdclib\vfprintf.c
                  __pa_25   0x001a36    program     static E:\3.46\pic18-lt\cxx-framework\src\traditional\stdclib\vfprintf.c
                  __pa_26   0x001a40    program     static E:\3.46\pic18-lt\cxx-framework\src\traditional\stdclib\vfprintf.c
                  __pa_27   0x001a4a    program     static E:\3.46\pic18-lt\cxx-framework\src\traditional\stdclib\vfprintf.c
                  __pa_28   0x001a52    program     static E:\3.46\pic18-lt\cxx-framework\src\traditional\stdclib\vfprintf.c
                  __pa_29   0x001a60    program     static E:\3.46\pic18-lt\cxx-framework\src\traditional\stdclib\vfprintf.c
                   __pa_3   0x00189a    program     static E:\3.46\pic18-lt\cxx-framework\src\traditional\stdclib\vfprintf.c
                  __pa_30   0x001a7c    program     static E:\3.46\pic18-lt\cxx-framework\src\traditional\stdclib\vfprintf.c
                  __pa_31   0x001a96    program     static E:\3.46\pic18-lt\cxx-framework\src\traditional\stdclib\vfprintf.c
                  __pa_32   0x001ab0    program     static E:\3.46\pic18-lt\cxx-framework\src\traditional\stdclib\vfprintf.c
                  __pa_33   0x001ac8    program     static E:\3.46\pic18-lt\cxx-framework\src\traditional\stdclib\vfprintf.c
                  __pa_34   0x001ad2    program     static E:\3.46\pic18-lt\cxx-framework\src\traditional\stdclib\vfprintf.c
                  __pa_35   0x001ae0    program     static E:\3.46\pic18-lt\cxx-framework\src\traditional\stdclib\vfprintf.c
                  __pa_36   0x001ae8    program     static E:\3.46\pic18-lt\cxx-framework\src\traditional\stdclib\vfprintf.c
                  __pa_37   0x001af2    program     static E:\3.46\pic18-lt\cxx-framework\src\traditional\stdclib\vfprintf.c
                  __pa_38   0x001b02    program     static E:\3.46\pic18-lt\cxx-framework\src\traditional\stdclib\vfprintf.c
                  __pa_39   0x001b10    program     static E:\3.46\pic18-lt\cxx-framework\src\traditional\stdclib\vfprintf.c
                   __pa_4   0x0018b2    program     static E:\3.46\pic18-lt\cxx-framework\src\traditional\stdclib\vfprintf.c
                  __pa_40   0x001b1c    program     static E:\3.46\pic18-lt\cxx-framework\src\traditional\stdclib\vfprintf.c
                  __pa_41   0x001b28    program     static E:\3.46\pic18-lt\cxx-framework\src\traditional\stdclib\vfprintf.c
                  __pa_42   0x001b30    program     static E:\3.46\pic18-lt\cxx-framework\src\traditional\stdclib\vfprintf.c
                  __pa_43   0x001b3a    program     static E:\3.46\pic18-lt\cxx-framework\src\traditional\stdclib\vfprintf.c
                  __pa_44   0x001b40    program     static E:\3.46\pic18-lt\cxx-framework\src\traditional\stdclib\vfprintf.c
                  __pa_45   0x001b4a    program     static E:\3.46\pic18-lt\cxx-framework\src\traditional\stdclib\vfprintf.c
                  __pa_46   0x001b56    program     static E:\3.46\pic18-lt\cxx-framework\src\traditional\stdclib\vfprintf.c
                   __pa_5   0x0018c6    program     static E:\3.46\pic18-lt\cxx-framework\src\traditional\stdclib\vfprintf.c
                   __pa_6   0x0018e2    program     static E:\3.46\pic18-lt\cxx-framework\src\traditional\stdclib\vfprintf.c
                   __pa_7   0x0018ec    program     static E:\3.46\pic18-lt\cxx-framework\src\traditional\stdclib\vfprintf.c
                   __pa_8   0x0018f8    program     static E:\3.46\pic18-lt\cxx-framework\src\traditional\stdclib\vfprintf.c
                   __pa_9   0x00191a    program     static E:\3.46\pic18-lt\cxx-framework\src\traditional\stdclib\vfprintf.c
               __string_0   0x00349c    program     static D:\ECNG 3006\LCDtest.X\_interface.c
               __string_0   0x0034c5    program     static D:\ECNG 3006\LCDtest.X\_temp.c
               __string_0   0x0034b6    program     static D:\ECNG 3006\LCDtest.X\_eeprom.c
               __string_0   0x003358    program     static D:\ECNG 3006\LCDtest.X\_lcd.c
               __string_0   0x0033e4    program     static D:\ECNG 3006\LCDtest.X\_counter.c
               __string_1   0x0033d8    program     static D:\ECNG 3006\LCDtest.X\_counter.c
               __string_1   0x0034ac    program     static D:\ECNG 3006\LCDtest.X\_eeprom.c
               __string_1   0x003488    program     static D:\ECNG 3006\LCDtest.X\_interface.c
              __string_10   0x003404    program     static D:\ECNG 3006\LCDtest.X\_interface.c
              __string_11   0x0033f8    program     static D:\ECNG 3006\LCDtest.X\_interface.c
              __string_12   0x0033ec    program     static D:\ECNG 3006\LCDtest.X\_interface.c
               __string_2   0x003476    program     static D:\ECNG 3006\LCDtest.X\_interface.c
               __string_2   0x0033cc    program     static D:\ECNG 3006\LCDtest.X\_counter.c
               __string_3   0x0033c0    program     static D:\ECNG 3006\LCDtest.X\_counter.c
               __string_3   0x003464    program     static D:\ECNG 3006\LCDtest.X\_interface.c
               __string_4   0x003451    program     static D:\ECNG 3006\LCDtest.X\_interface.c
               __string_4   0x0033b6    program     static D:\ECNG 3006\LCDtest.X\_counter.c
               __string_5   0x0033a6    program     static D:\ECNG 3006\LCDtest.X\_counter.c
               __string_5   0x003445    program     static D:\ECNG 3006\LCDtest.X\_interface.c
               __string_6   0x003395    program     static D:\ECNG 3006\LCDtest.X\_counter.c
               __string_6   0x003435    program     static D:\ECNG 3006\LCDtest.X\_interface.c
               __string_7   0x003429    program     static D:\ECNG 3006\LCDtest.X\_interface.c
               __string_7   0x003385    program     static D:\ECNG 3006\LCDtest.X\_counter.c
               __string_8   0x003418    program     static D:\ECNG 3006\LCDtest.X\_interface.c
               __string_8   0x00337d    program     static D:\ECNG 3006\LCDtest.X\_counter.c
               __string_9   0x003373    program     static D:\ECNG 3006\LCDtest.X\_counter.c
               __string_9   0x003410    program     static D:\ECNG 3006\LCDtest.X\_interface.c
               __tmplbl_1   0x00217c    program     static                          
              __tmplbl_20   0x000410    program     static                          
              __tmplbl_21   0x000410    program     static                          
              __tmplbl_42   0x001a14    program     static                          
              __tmplbl_43   0x00185c    program     static                          
              __tmplbl_44   0x001842    program     static                          
               __tmplbl_5   0x000c78    program     static                          
              __tmplbl_85   0x000f94    program     static                          
            __zero_memory   0x0041c8    program     extern E:\3.46\pic18-lt\cxx-framework\src\traditional\proc\p18f452.asm
                _do_cinit   0x00396a    program     extern E:\3.46\pic18-lt\cxx-framework\src\traditional\startup\c018i.c
                   _entry   0x000000    program     extern E:\3.46\pic18-lt\cxx-framework\src\traditional\startup\c018i.c
                   _false   0x003f04    program     static                          
                 _startup   0x0041e8    program     extern E:\3.46\pic18-lt\cxx-framework\src\traditional\startup\c018i.c
              _usart_putc   0x004204    program     extern E:\3.46\pic18-lt\cxx-framework\src\pmc_common\USART\_usartpc.asm
               _user_putc   0x004272    program     extern E:\3.46\pic18-lt\cxx-framework\src\traditional\stdclib\_user_putc.c
                    abort   0x00380c    program     extern D:\ECNG 3006\LCDtest.X\_lcd.c
          adc_glucose_get   0x003ce4    program     extern D:\ECNG 3006\LCDtest.X\_adc.c
        adc_glucose_reset   0x003cee    program     extern D:\ECNG 3006\LCDtest.X\_adc.c
         adc_glucose_rslv   0x003cdc    program     extern D:\ECNG 3006\LCDtest.X\_adc.c
              adc_measure   0x003c9c    program     extern D:\ECNG 3006\LCDtest.X\_adc.c
                compare_l   0x0041de    program     static E:\3.46\pic18-lt\cxx-framework\src\traditional\proc\p18f452.asm
                copy_loop   0x0039dc    program     static                          
            copy_one_byte   0x0039e2    program     static                          
              counter_bpm   0x0001bc    program     extern D:\ECNG 3006\LCDtest.X\_counter.c
   counter_measure_config   0x000182    program     extern D:\ECNG 3006\LCDtest.X\_counter.c
               countv_get   0x003a96    program     extern D:\ECNG 3006\LCDtest.X\_countv.c
          countv_get_rate   0x003aa8    program     extern D:\ECNG 3006\LCDtest.X\_countv.c
              countv_incr   0x003a8c    program     extern D:\ECNG 3006\LCDtest.X\_countv.c
             countv_reset   0x003aa0    program     extern D:\ECNG 3006\LCDtest.X\_countv.c
            display_stats   0x000e84    program     extern D:\ECNG 3006\LCDtest.X\_counter.c
                   dly_1s   0x000e62    program     extern D:\ECNG 3006\LCDtest.X\_counter.c
                   dly_2s   0x000e20    program     extern D:\ECNG 3006\LCDtest.X\_counter.c
                   dly_8s   0x000d1e    program     extern D:\ECNG 3006\LCDtest.X\_counter.c
                     done   0x003a06    program     static                          
             done_copying   0x0039f0    program     static                          
             eeprom_debug   0x003c9a    program     extern D:\ECNG 3006\LCDtest.X\_dbg.c
      eeprom_display_data   0x002fdc    program     extern D:\ECNG 3006\LCDtest.X\_eeprom.c
      eeprom_get_interval   0x003150    program     extern D:\ECNG 3006\LCDtest.X\_eeprom.c
          eeprom_get_next   0x003186    program     extern D:\ECNG 3006\LCDtest.X\_eeprom.c
              eeprom_read   0x003120    program     extern D:\ECNG 3006\LCDtest.X\_eeprom.c
          eeprom_set_next   0x00315a    program     extern D:\ECNG 3006\LCDtest.X\_eeprom.c
    eeprom_store_interval   0x002ed2    program     extern D:\ECNG 3006\LCDtest.X\_eeprom.c
             eeprom_write   0x0030cc    program     extern D:\ECNG 3006\LCDtest.X\_eeprom.c
        eeprom_write_data   0x002dd8    program     extern D:\ECNG 3006\LCDtest.X\_eeprom.c
                  endloop   0x00417e    program     static                          
          fram_make_input   0x002984    program     extern D:\ECNG 3006\LCDtest.X\_fram.c
         fram_make_output   0x002996    program     extern D:\ECNG 3006\LCDtest.X\_fram.c
                fram_read   0x00286c    program     extern D:\ECNG 3006\LCDtest.X\_fram.c
               fram_write   0x0025f2    program     extern D:\ECNG 3006\LCDtest.X\_fram.c
          fram_write_data   0x002554    program     extern D:\ECNG 3006\LCDtest.X\_fram.c
         get_action_valid   0x000d04    program     extern D:\ECNG 3006\LCDtest.X\_counter.c
          get_store_valid   0x000d0a    program     extern D:\ECNG 3006\LCDtest.X\_counter.c
            get_valid_int   0x000cea    program     extern D:\ECNG 3006\LCDtest.X\_counter.c
            glucose_debug   0x003c96    program     extern D:\ECNG 3006\LCDtest.X\_dbg.c
                    h_isr   0x000074    program     extern D:\ECNG 3006\LCDtest.X\_counter.c
              high_vector   0x000008    program     extern D:\ECNG 3006\LCDtest.X\_counter.c
         interface_action   0x002ade    program     extern D:\ECNG 3006\LCDtest.X\_interface.c
  interface_display_abort   0x002b4a    program     extern D:\ECNG 3006\LCDtest.X\_interface.c
 interface_display_stored   0x002c40    program     extern D:\ECNG 3006\LCDtest.X\_interface.c
       interface_interval   0x0029a8    program     extern D:\ECNG 3006\LCDtest.X\_interface.c
       interface_set_gluc   0x002c24    program     extern D:\ECNG 3006\LCDtest.X\_interface.c
      interface_set_pnn50   0x002c08    program     extern D:\ECNG 3006\LCDtest.X\_interface.c
       interface_set_rate   0x002bec    program     extern D:\ECNG 3006\LCDtest.X\_interface.c
interface_set_temp_fraction   0x002bd0    program     extern D:\ECNG 3006\LCDtest.X\_interface.c
   interface_set_temp_int   0x002bb4    program     extern D:\ECNG 3006\LCDtest.X\_interface.c
                  isdigit   0x004184    program     extern E:\3.46\pic18-lt\cxx-framework\src\traditional\stdclib\isdigit.asm
                 jANotInf   0x001d7c    program     static E:\3.46\pic18-lt\cxx-framework\src\traditional\math\mulFP.asm
                 jANotInf   0x001bb4    program     static E:\3.46\pic18-lt\cxx-framework\src\traditional\math\addFP.asm
                 jANotInf   0x001cd6    program     static E:\3.46\pic18-lt\cxx-framework\src\traditional\math\divFP.asm
                 jANotNeg   0x001c48    program     static E:\3.46\pic18-lt\cxx-framework\src\traditional\math\addFP.asm
                jANotZero   0x001cea    program     static E:\3.46\pic18-lt\cxx-framework\src\traditional\math\divFP.asm
              jAandWsetup   0x001c18    program     static E:\3.46\pic18-lt\cxx-framework\src\traditional\math\addFP.asm
                 jAltBexp   0x001c06    program     static E:\3.46\pic18-lt\cxx-framework\src\traditional\math\addFP.asm
                jBANotInf   0x001baa    program     static E:\3.46\pic18-lt\cxx-framework\src\traditional\math\addFP.asm
                 jBNotInf   0x001bc2    program     static E:\3.46\pic18-lt\cxx-framework\src\traditional\math\addFP.asm
              jBothFinite   0x001d8a    program     static E:\3.46\pic18-lt\cxx-framework\src\traditional\math\mulFP.asm
             jBothNotZero   0x001d96    program     static E:\3.46\pic18-lt\cxx-framework\src\traditional\math\mulFP.asm
            jDifOrPosSign   0x001bd6    program     static E:\3.46\pic18-lt\cxx-framework\src\traditional\math\addFP.asm
                     jEnd   0x003b96    program     static E:\3.46\pic18-lt\cxx-framework\src\traditional\stdclib\strlen.asm
                     jEnd   0x003bce    program     static E:\3.46\pic18-lt\cxx-framework\src\traditional\stdclib\slenpgm.asm
                    jExit   0x001f1c    program     static E:\3.46\pic18-lt\cxx-framework\src\traditional\math\castFP16.asm
               jFinalSign   0x001cb0    program     static E:\3.46\pic18-lt\cxx-framework\src\traditional\math\addFP.asm
                jHaveZero   0x001d92    program     static E:\3.46\pic18-lt\cxx-framework\src\traditional\math\mulFP.asm
                jI2F16Beg   0x001b74    program     static E:\3.46\pic18-lt\cxx-framework\src\traditional\math\cast16FP.asm
                    jLoop   0x001efc    program     static E:\3.46\pic18-lt\cxx-framework\src\traditional\math\castFP16.asm
                    jLoop   0x003b8c    program     static E:\3.46\pic18-lt\cxx-framework\src\traditional\stdclib\strlen.asm
                    jLoop   0x001d12    program     static E:\3.46\pic18-lt\cxx-framework\src\traditional\math\divFP.asm
                    jLoop   0x003bb6    program     static E:\3.46\pic18-lt\cxx-framework\src\traditional\stdclib\slenpgm.asm
                jLoopExit   0x001f0c    program     static E:\3.46\pic18-lt\cxx-framework\src\traditional\math\castFP16.asm
                   jMatch   0x0041a4    program     static E:\3.46\pic18-lt\cxx-framework\src\traditional\stdclib\isdigit.asm
                     jMax   0x001ed0    program     static E:\3.46\pic18-lt\cxx-framework\src\traditional\math\castFP16.asm
                  jMaxNeg   0x001ede    program     static E:\3.46\pic18-lt\cxx-framework\src\traditional\math\castFP16.asm
                  jMaxPos   0x001ed4    program     static E:\3.46\pic18-lt\cxx-framework\src\traditional\math\castFP16.asm
                    jNext   0x001d38    program     static E:\3.46\pic18-lt\cxx-framework\src\traditional\math\divFP.asm
                jNoAdjust   0x001d36    program     static E:\3.46\pic18-lt\cxx-framework\src\traditional\math\divFP.asm
                 jNoMatch   0x0041a6    program     static E:\3.46\pic18-lt\cxx-framework\src\traditional\stdclib\isdigit.asm
             jNotBothZero   0x001bda    program     static E:\3.46\pic18-lt\cxx-framework\src\traditional\math\addFP.asm
                  jNotInf   0x001eec    program     static E:\3.46\pic18-lt\cxx-framework\src\traditional\math\castFP16.asm
                  jPkLoop   0x001f64    program     static E:\3.46\pic18-lt\cxx-framework\src\traditional\math\packFP.asm
             jPkRoundDone   0x001fae    program     static E:\3.46\pic18-lt\cxx-framework\src\traditional\math\packFP.asm
               jPkRoundIt   0x001f96    program     static E:\3.46\pic18-lt\cxx-framework\src\traditional\math\packFP.asm
             jPkShiftDone   0x001f80    program     static E:\3.46\pic18-lt\cxx-framework\src\traditional\math\packFP.asm
           jReturnPosInf0   0x001f3a    program     static E:\3.46\pic18-lt\cxx-framework\src\traditional\math\packFP.asm
               jShiftDone   0x001c70    program     static E:\3.46\pic18-lt\cxx-framework\src\traditional\math\addFP.asm
               jShiftLoop   0x001c62    program     static E:\3.46\pic18-lt\cxx-framework\src\traditional\math\addFP.asm
                jSignDone   0x001ca0    program     static E:\3.46\pic18-lt\cxx-framework\src\traditional\math\addFP.asm
              jSignedZero   0x001ce0    program     static E:\3.46\pic18-lt\cxx-framework\src\traditional\math\divFP.asm
                  jUnpkA1   0x001fd8    program     static E:\3.46\pic18-lt\cxx-framework\src\traditional\math\UnpackFP.asm
                  jUnpkA2   0x001ff0    program     static E:\3.46\pic18-lt\cxx-framework\src\traditional\math\UnpackFP.asm
                 jUnpkANZ   0x001fe6    program     static E:\3.46\pic18-lt\cxx-framework\src\traditional\math\UnpackFP.asm
                  jUnpkB1   0x002008    program     static E:\3.46\pic18-lt\cxx-framework\src\traditional\math\UnpackFP.asm
                  jUnpkB2   0x002020    program     static E:\3.46\pic18-lt\cxx-framework\src\traditional\math\UnpackFP.asm
                 jUnpkBNZ   0x002016    program     static E:\3.46\pic18-lt\cxx-framework\src\traditional\math\UnpackFP.asm
                 jUnpkNaN   0x001ffa    program     static E:\3.46\pic18-lt\cxx-framework\src\traditional\math\UnpackFP.asm
                 jWNotNeg   0x001c5c    program     static E:\3.46\pic18-lt\cxx-framework\src\traditional\math\addFP.asm
                    jZero   0x001ee6    program     static E:\3.46\pic18-lt\cxx-framework\src\traditional\math\castFP16.asm
               jZero1and2   0x001f3e    program     static E:\3.46\pic18-lt\cxx-framework\src\traditional\math\packFP.asm
              kpad_config   0x003720    program     extern D:\ECNG 3006\LCDtest.X\_kpad.c
               kpad_debug   0x003c94    program     extern D:\ECNG 3006\LCDtest.X\_dbg.c
                kpad_rslv   0x003650    program     extern D:\ECNG 3006\LCDtest.X\_kpad.c
                     loop   0x004162    program     static                          
                     loop   0x003ed0    program     static                          
                     loop   0x004214    program     static E:\3.46\pic18-lt\cxx-framework\src\pmc_common\USART\_usartpc.asm
                     loop   0x0041f8    program     static                          
                   loop_h   0x0041d6    program     static E:\3.46\pic18-lt\cxx-framework\src\traditional\proc\p18f452.asm
                   loop_l   0x0041e0    program     static E:\3.46\pic18-lt\cxx-framework\src\traditional\proc\p18f452.asm
                     main   0x00022e    program     extern D:\ECNG 3006\LCDtest.X\_counter.c
               nuke_debug   0x003c98    program     extern D:\ECNG 3006\LCDtest.X\_dbg.c
             ow_read_byte   0x002156    program     extern D:\ECNG 3006\LCDtest.X\ow.h
                 ow_reset   0x002084    program     extern D:\ECNG 3006\LCDtest.X\ow.h
            ow_write_byte   0x0020e4    program     extern D:\ECNG 3006\LCDtest.X\ow.h
               pnn50_calc   0x0034e4    program     extern D:\ECNG 3006\LCDtest.X\_pNN50.c
                pnn50_get   0x00356c    program     extern D:\ECNG 3006\LCDtest.X\_pNN50.c
            pnn50_get_cnt   0x003574    program     extern D:\ECNG 3006\LCDtest.X\_pNN50.c
       pnn50_get_fraction   0x0035ca    program     extern D:\ECNG 3006\LCDtest.X\_pNN50.c
            pnn50_get_int   0x00357e    program     extern D:\ECNG 3006\LCDtest.X\_pNN50.c
              pnn50_reset   0x0034d4    program     extern D:\ECNG 3006\LCDtest.X\_pNN50.c
                pnn50_var   0x003526    program     extern D:\ECNG 3006\LCDtest.X\_pNN50.c
                     putc   0x003a08    program     extern E:\3.46\pic18-lt\cxx-framework\src\traditional\stdclib\putc.c
                putrsXLCD   0x003d92    program     extern D:\ECNG 3006\LCDtest.X\_xlcd\putrxlcd.c
                 putsXLCD   0x003e78    program     extern D:\ECNG 3006\LCDtest.X\_xlcd\putsxlcd.c
                 s_digits   0x004248    program     static E:\3.46\pic18-lt\cxx-framework\src\traditional\stdclib\vfprintf.c
            s_put_n_chars   0x000f3e    program     static E:\3.46\pic18-lt\cxx-framework\src\traditional\stdclib\vfprintf.c
       set_invalid_action   0x000cfe    program     extern D:\ECNG 3006\LCDtest.X\_counter.c
          set_invalid_int   0x000ce4    program     extern D:\ECNG 3006\LCDtest.X\_counter.c
        set_invalid_store   0x000d18    program     extern D:\ECNG 3006\LCDtest.X\_counter.c
         set_valid_action   0x000cf6    program     extern D:\ECNG 3006\LCDtest.X\_counter.c
            set_valid_int   0x000cdc    program     extern D:\ECNG 3006\LCDtest.X\_counter.c
          set_valid_store   0x000d10    program     extern D:\ECNG 3006\LCDtest.X\_counter.c
            speaker_alarm   0x003244    program     extern D:\ECNG 3006\LCDtest.X\_speaker.c
        speaker_alarm_seq   0x0031ba    program     extern D:\ECNG 3006\LCDtest.X\_speaker.c
             speaker_init   0x00319c    program     extern D:\ECNG 3006\LCDtest.X\_speaker.c
                  sprintf   0x0038be    program     extern E:\3.46\pic18-lt\cxx-framework\src\traditional\stdclib\sprintf.c
                   strlen   0x003b7c    program     extern E:\3.46\pic18-lt\cxx-framework\src\traditional\stdclib\strlen.asm
                strlenpgm   0x003b98    program     extern E:\3.46\pic18-lt\cxx-framework\src\traditional\stdclib\slenpgm.asm
                     temp   0x00230c    program     extern D:\ECNG 3006\LCDtest.X\_temp.c
               temp_debug   0x003c92    program     extern D:\ECNG 3006\LCDtest.X\_dbg.c
        temp_get_fraction   0x0021f0    program     extern D:\ECNG 3006\LCDtest.X\_temp.c
             temp_get_int   0x0021e6    program     extern D:\ECNG 3006\LCDtest.X\_temp.c
                 tempinit   0x002492    program     extern D:\ECNG 3006\LCDtest.X\_temp.c
                 tempread   0x00223c    program     extern D:\ECNG 3006\LCDtest.X\_temp.c
                     test   0x003984    program     static                          
                time2_get   0x003ae6    program     extern D:\ECNG 3006\LCDtest.X\_countv.c
              time2_reset   0x003ade    program     extern D:\ECNG 3006\LCDtest.X\_countv.c
                time2_set   0x003af0    program     extern D:\ECNG 3006\LCDtest.X\_countv.c
                 time_get   0x003acc    program     extern D:\ECNG 3006\LCDtest.X\_countv.c
               time_reset   0x003ad6    program     extern D:\ECNG 3006\LCDtest.X\_countv.c
                 time_set   0x003ab0    program     extern D:\ECNG 3006\LCDtest.X\_countv.c
                 vfprintf   0x000f6a    program     extern E:\3.46\pic18-lt\cxx-framework\src\traditional\stdclib\vfprintf.c
               zero_block   0x0041d6    program     static E:\3.46\pic18-lt\cxx-framework\src\traditional\proc\p18f452.asm
                   ADCON0   0x000fc2       data     extern E:\3.46\pic18-lt\cxx-framework\src\traditional\proc\p18f452.asm
               ADCON0bits   0x000fc2       data     extern E:\3.46\pic18-lt\cxx-framework\src\traditional\proc\p18f452.asm
                   ADCON1   0x000fc1       data     extern E:\3.46\pic18-lt\cxx-framework\src\traditional\proc\p18f452.asm
               ADCON1bits   0x000fc1       data     extern E:\3.46\pic18-lt\cxx-framework\src\traditional\proc\p18f452.asm
                    ADRES   0x000fc3       data     extern E:\3.46\pic18-lt\cxx-framework\src\traditional\proc\p18f452.asm
                   ADRESH   0x000fc4       data     extern E:\3.46\pic18-lt\cxx-framework\src\traditional\proc\p18f452.asm
                   ADRESL   0x000fc3       data     extern E:\3.46\pic18-lt\cxx-framework\src\traditional\proc\p18f452.asm
                      BSR   0x000fe0       data     extern E:\3.46\pic18-lt\cxx-framework\src\traditional\proc\p18f452.asm
                  CCP1CON   0x000fbd       data     extern E:\3.46\pic18-lt\cxx-framework\src\traditional\proc\p18f452.asm
              CCP1CONbits   0x000fbd       data     extern E:\3.46\pic18-lt\cxx-framework\src\traditional\proc\p18f452.asm
                  CCP2CON   0x000fba       data     extern E:\3.46\pic18-lt\cxx-framework\src\traditional\proc\p18f452.asm
              CCP2CONbits   0x000fba       data     extern E:\3.46\pic18-lt\cxx-framework\src\traditional\proc\p18f452.asm
                    CCPR1   0x000fbe       data     extern E:\3.46\pic18-lt\cxx-framework\src\traditional\proc\p18f452.asm
                   CCPR1H   0x000fbf       data     extern E:\3.46\pic18-lt\cxx-framework\src\traditional\proc\p18f452.asm
                   CCPR1L   0x000fbe       data     extern E:\3.46\pic18-lt\cxx-framework\src\traditional\proc\p18f452.asm
                    CCPR2   0x000fbb       data     extern E:\3.46\pic18-lt\cxx-framework\src\traditional\proc\p18f452.asm
                   CCPR2H   0x000fbc       data     extern E:\3.46\pic18-lt\cxx-framework\src\traditional\proc\p18f452.asm
                   CCPR2L   0x000fbb       data     extern E:\3.46\pic18-lt\cxx-framework\src\traditional\proc\p18f452.asm
                     DDRA   0x000f92       data     extern E:\3.46\pic18-lt\cxx-framework\src\traditional\proc\p18f452.asm
                 DDRAbits   0x000f92       data     extern E:\3.46\pic18-lt\cxx-framework\src\traditional\proc\p18f452.asm
                     DDRB   0x000f93       data     extern E:\3.46\pic18-lt\cxx-framework\src\traditional\proc\p18f452.asm
                 DDRBbits   0x000f93       data     extern E:\3.46\pic18-lt\cxx-framework\src\traditional\proc\p18f452.asm
                     DDRC   0x000f94       data     extern E:\3.46\pic18-lt\cxx-framework\src\traditional\proc\p18f452.asm
                 DDRCbits   0x000f94       data     extern E:\3.46\pic18-lt\cxx-framework\src\traditional\proc\p18f452.asm
                     DDRD   0x000f95       data     extern E:\3.46\pic18-lt\cxx-framework\src\traditional\proc\p18f452.asm
                 DDRDbits   0x000f95       data     extern E:\3.46\pic18-lt\cxx-framework\src\traditional\proc\p18f452.asm
                     DDRE   0x000f96       data     extern E:\3.46\pic18-lt\cxx-framework\src\traditional\proc\p18f452.asm
                 DDREbits   0x000f96       data     extern E:\3.46\pic18-lt\cxx-framework\src\traditional\proc\p18f452.asm
                      Deg   0x00029e       data     static D:\ECNG 3006\LCDtest.X\_temp.c
            DelayCounter1   0x000027       data     extern E:\3.46\pic18-lt\cxx-framework\src\traditional\delays\delayd1.asm
            DelayCounter2   0x000026       data     extern E:\3.46\pic18-lt\cxx-framework\src\traditional\delays\delayd2.asm
                    EEADR   0x000fa9       data     extern E:\3.46\pic18-lt\cxx-framework\src\traditional\proc\p18f452.asm
                   EECON1   0x000fa6       data     extern E:\3.46\pic18-lt\cxx-framework\src\traditional\proc\p18f452.asm
               EECON1bits   0x000fa6       data     extern E:\3.46\pic18-lt\cxx-framework\src\traditional\proc\p18f452.asm
                   EECON2   0x000fa7       data     extern E:\3.46\pic18-lt\cxx-framework\src\traditional\proc\p18f452.asm
                   EEDATA   0x000fa8       data     extern E:\3.46\pic18-lt\cxx-framework\src\traditional\proc\p18f452.asm
                     FSR0   0x000fe9       data     extern E:\3.46\pic18-lt\cxx-framework\src\traditional\proc\p18f452.asm
                    FSR0H   0x000fea       data     extern E:\3.46\pic18-lt\cxx-framework\src\traditional\proc\p18f452.asm
                    FSR0L   0x000fe9       data     extern E:\3.46\pic18-lt\cxx-framework\src\traditional\proc\p18f452.asm
                     FSR1   0x000fe1       data     extern E:\3.46\pic18-lt\cxx-framework\src\traditional\proc\p18f452.asm
                    FSR1H   0x000fe2       data     extern E:\3.46\pic18-lt\cxx-framework\src\traditional\proc\p18f452.asm
                    FSR1L   0x000fe1       data     extern E:\3.46\pic18-lt\cxx-framework\src\traditional\proc\p18f452.asm
                     FSR2   0x000fd9       data     extern E:\3.46\pic18-lt\cxx-framework\src\traditional\proc\p18f452.asm
                    FSR2H   0x000fda       data     extern E:\3.46\pic18-lt\cxx-framework\src\traditional\proc\p18f452.asm
                    FSR2L   0x000fd9       data     extern E:\3.46\pic18-lt\cxx-framework\src\traditional\proc\p18f452.asm
              FractionInt   0x00029c       data     static D:\ECNG 3006\LCDtest.X\_temp.c
                    INDF0   0x000fef       data     extern E:\3.46\pic18-lt\cxx-framework\src\traditional\proc\p18f452.asm
                    INDF1   0x000fe7       data     extern E:\3.46\pic18-lt\cxx-framework\src\traditional\proc\p18f452.asm
                    INDF2   0x000fdf       data     extern E:\3.46\pic18-lt\cxx-framework\src\traditional\proc\p18f452.asm
                   INTCON   0x000ff2       data     extern E:\3.46\pic18-lt\cxx-framework\src\traditional\proc\p18f452.asm
                  INTCON1   0x000ff2       data     extern E:\3.46\pic18-lt\cxx-framework\src\traditional\proc\p18f452.asm
              INTCON1bits   0x000ff2       data     extern E:\3.46\pic18-lt\cxx-framework\src\traditional\proc\p18f452.asm
                  INTCON2   0x000ff1       data     extern E:\3.46\pic18-lt\cxx-framework\src\traditional\proc\p18f452.asm
              INTCON2bits   0x000ff1       data     extern E:\3.46\pic18-lt\cxx-framework\src\traditional\proc\p18f452.asm
                  INTCON3   0x000ff0       data     extern E:\3.46\pic18-lt\cxx-framework\src\traditional\proc\p18f452.asm
              INTCON3bits   0x000ff0       data     extern E:\3.46\pic18-lt\cxx-framework\src\traditional\proc\p18f452.asm
               INTCONbits   0x000ff2       data     extern E:\3.46\pic18-lt\cxx-framework\src\traditional\proc\p18f452.asm
                     IPR1   0x000f9f       data     extern E:\3.46\pic18-lt\cxx-framework\src\traditional\proc\p18f452.asm
                 IPR1bits   0x000f9f       data     extern E:\3.46\pic18-lt\cxx-framework\src\traditional\proc\p18f452.asm
                     IPR2   0x000fa2       data     extern E:\3.46\pic18-lt\cxx-framework\src\traditional\proc\p18f452.asm
                 IPR2bits   0x000fa2       data     extern E:\3.46\pic18-lt\cxx-framework\src\traditional\proc\p18f452.asm
                     LATA   0x000f89       data     extern E:\3.46\pic18-lt\cxx-framework\src\traditional\proc\p18f452.asm
                 LATAbits   0x000f89       data     extern E:\3.46\pic18-lt\cxx-framework\src\traditional\proc\p18f452.asm
                     LATB   0x000f8a       data     extern E:\3.46\pic18-lt\cxx-framework\src\traditional\proc\p18f452.asm
                 LATBbits   0x000f8a       data     extern E:\3.46\pic18-lt\cxx-framework\src\traditional\proc\p18f452.asm
                     LATC   0x000f8b       data     extern E:\3.46\pic18-lt\cxx-framework\src\traditional\proc\p18f452.asm
                 LATCbits   0x000f8b       data     extern E:\3.46\pic18-lt\cxx-framework\src\traditional\proc\p18f452.asm
                     LATD   0x000f8c       data     extern E:\3.46\pic18-lt\cxx-framework\src\traditional\proc\p18f452.asm
                 LATDbits   0x000f8c       data     extern E:\3.46\pic18-lt\cxx-framework\src\traditional\proc\p18f452.asm
                     LATE   0x000f8d       data     extern E:\3.46\pic18-lt\cxx-framework\src\traditional\proc\p18f452.asm
                 LATEbits   0x000f8d       data     extern E:\3.46\pic18-lt\cxx-framework\src\traditional\proc\p18f452.asm
                  LCD_bpm   0x0000d2       data     static D:\ECNG 3006\LCDtest.X\_counter.c
                LCD_count   0x000254       data     static D:\ECNG 3006\LCDtest.X\_temp.c
                 LCD_gluc   0x000216       data     static D:\ECNG 3006\LCDtest.X\_interface.c
                 LCD_gluc   0x000152       data     static D:\ECNG 3006\LCDtest.X\_counter.c
                 LCD_rate   0x0000f2       data     static D:\ECNG 3006\LCDtest.X\_counter.c
                 LCD_rate   0x0001b6       data     static D:\ECNG 3006\LCDtest.X\_interface.c
                    LCD_t   0x000172       data     extern D:\ECNG 3006\LCDtest.X\_counter.c
                 LCD_temp   0x0001f6       data     static D:\ECNG 3006\LCDtest.X\_interface.c
                 LCD_temp   0x0000b2       data     static D:\ECNG 3006\LCDtest.X\_counter.c
                 LCD_test   0x000132       data     static D:\ECNG 3006\LCDtest.X\_counter.c
                 LCD_test   0x000274       data     static D:\ECNG 3006\LCDtest.X\_dbg.c
                  LCD_var   0x000112       data     static D:\ECNG 3006\LCDtest.X\_counter.c
                  LCD_var   0x0001d6       data     static D:\ECNG 3006\LCDtest.X\_interface.c
                 LSBdummy   0x000298       data     static D:\ECNG 3006\LCDtest.X\_temp.c
                   LVDCON   0x000fd2       data     extern E:\3.46\pic18-lt\cxx-framework\src\traditional\proc\p18f452.asm
               LVDCONbits   0x000fd2       data     extern E:\3.46\pic18-lt\cxx-framework\src\traditional\proc\p18f452.asm
                 MSBdummy   0x000296       data     static D:\ECNG 3006\LCDtest.X\_temp.c
                   OSCCON   0x000fd3       data     extern E:\3.46\pic18-lt\cxx-framework\src\traditional\proc\p18f452.asm
               OSCCONbits   0x000fd3       data     extern E:\3.46\pic18-lt\cxx-framework\src\traditional\proc\p18f452.asm
                       PC   0x000ff9       data     extern E:\3.46\pic18-lt\cxx-framework\src\traditional\proc\p18f452.asm
                      PCL   0x000ff9       data     extern E:\3.46\pic18-lt\cxx-framework\src\traditional\proc\p18f452.asm
                   PCLATH   0x000ffa       data     extern E:\3.46\pic18-lt\cxx-framework\src\traditional\proc\p18f452.asm
                   PCLATU   0x000ffb       data     extern E:\3.46\pic18-lt\cxx-framework\src\traditional\proc\p18f452.asm
                     PIE1   0x000f9d       data     extern E:\3.46\pic18-lt\cxx-framework\src\traditional\proc\p18f452.asm
                 PIE1bits   0x000f9d       data     extern E:\3.46\pic18-lt\cxx-framework\src\traditional\proc\p18f452.asm
                     PIE2   0x000fa0       data     extern E:\3.46\pic18-lt\cxx-framework\src\traditional\proc\p18f452.asm
                 PIE2bits   0x000fa0       data     extern E:\3.46\pic18-lt\cxx-framework\src\traditional\proc\p18f452.asm
                     PIR1   0x000f9e       data     extern E:\3.46\pic18-lt\cxx-framework\src\traditional\proc\p18f452.asm
                 PIR1bits   0x000f9e       data     extern E:\3.46\pic18-lt\cxx-framework\src\traditional\proc\p18f452.asm
                     PIR2   0x000fa1       data     extern E:\3.46\pic18-lt\cxx-framework\src\traditional\proc\p18f452.asm
                 PIR2bits   0x000fa1       data     extern E:\3.46\pic18-lt\cxx-framework\src\traditional\proc\p18f452.asm
                   PLUSW0   0x000feb       data     extern E:\3.46\pic18-lt\cxx-framework\src\traditional\proc\p18f452.asm
                   PLUSW1   0x000fe3       data     extern E:\3.46\pic18-lt\cxx-framework\src\traditional\proc\p18f452.asm
                   PLUSW2   0x000fdb       data     extern E:\3.46\pic18-lt\cxx-framework\src\traditional\proc\p18f452.asm
                    PORTA   0x000f80       data     extern E:\3.46\pic18-lt\cxx-framework\src\traditional\proc\p18f452.asm
                PORTAbits   0x000f80       data     extern E:\3.46\pic18-lt\cxx-framework\src\traditional\proc\p18f452.asm
                    PORTB   0x000f81       data     extern E:\3.46\pic18-lt\cxx-framework\src\traditional\proc\p18f452.asm
                PORTBbits   0x000f81       data     extern E:\3.46\pic18-lt\cxx-framework\src\traditional\proc\p18f452.asm
                    PORTC   0x000f82       data     extern E:\3.46\pic18-lt\cxx-framework\src\traditional\proc\p18f452.asm
                PORTCbits   0x000f82       data     extern E:\3.46\pic18-lt\cxx-framework\src\traditional\proc\p18f452.asm
                    PORTD   0x000f83       data     extern E:\3.46\pic18-lt\cxx-framework\src\traditional\proc\p18f452.asm
                PORTDbits   0x000f83       data     extern E:\3.46\pic18-lt\cxx-framework\src\traditional\proc\p18f452.asm
                    PORTE   0x000f84       data     extern E:\3.46\pic18-lt\cxx-framework\src\traditional\proc\p18f452.asm
                PORTEbits   0x000f84       data     extern E:\3.46\pic18-lt\cxx-framework\src\traditional\proc\p18f452.asm
                 POSTDEC0   0x000fed       data     extern E:\3.46\pic18-lt\cxx-framework\src\traditional\proc\p18f452.asm
                 POSTDEC1   0x000fe5       data     extern E:\3.46\pic18-lt\cxx-framework\src\traditional\proc\p18f452.asm
                 POSTDEC2   0x000fdd       data     extern E:\3.46\pic18-lt\cxx-framework\src\traditional\proc\p18f452.asm
                 POSTINC0   0x000fee       data     extern E:\3.46\pic18-lt\cxx-framework\src\traditional\proc\p18f452.asm
                 POSTINC1   0x000fe6       data     extern E:\3.46\pic18-lt\cxx-framework\src\traditional\proc\p18f452.asm
                 POSTINC2   0x000fde       data     extern E:\3.46\pic18-lt\cxx-framework\src\traditional\proc\p18f452.asm
                      PR2   0x000fcb       data     extern E:\3.46\pic18-lt\cxx-framework\src\traditional\proc\p18f452.asm
                  PREINC0   0x000fec       data     extern E:\3.46\pic18-lt\cxx-framework\src\traditional\proc\p18f452.asm
                  PREINC1   0x000fe4       data     extern E:\3.46\pic18-lt\cxx-framework\src\traditional\proc\p18f452.asm
                  PREINC2   0x000fdc       data     extern E:\3.46\pic18-lt\cxx-framework\src\traditional\proc\p18f452.asm
                     PROD   0x000ff3       data     extern E:\3.46\pic18-lt\cxx-framework\src\traditional\proc\p18f452.asm
                    PRODH   0x000ff4       data     extern E:\3.46\pic18-lt\cxx-framework\src\traditional\proc\p18f452.asm
                    PRODL   0x000ff3       data     extern E:\3.46\pic18-lt\cxx-framework\src\traditional\proc\p18f452.asm
                     RCON   0x000fd0       data     extern E:\3.46\pic18-lt\cxx-framework\src\traditional\proc\p18f452.asm
                 RCONbits   0x000fd0       data     extern E:\3.46\pic18-lt\cxx-framework\src\traditional\proc\p18f452.asm
                    RCREG   0x000fae       data     extern E:\3.46\pic18-lt\cxx-framework\src\traditional\proc\p18f452.asm
                    RCSTA   0x000fab       data     extern E:\3.46\pic18-lt\cxx-framework\src\traditional\proc\p18f452.asm
                RCSTAbits   0x000fab       data     extern E:\3.46\pic18-lt\cxx-framework\src\traditional\proc\p18f452.asm
                     SIGN   0x000000       data     extern E:\3.46\pic18-lt\cxx-framework\src\traditional\math\cmath18.asm
                    SPBRG   0x000faf       data     extern E:\3.46\pic18-lt\cxx-framework\src\traditional\proc\p18f452.asm
                   SSPADD   0x000fc8       data     extern E:\3.46\pic18-lt\cxx-framework\src\traditional\proc\p18f452.asm
                   SSPBUF   0x000fc9       data     extern E:\3.46\pic18-lt\cxx-framework\src\traditional\proc\p18f452.asm
                  SSPCON1   0x000fc6       data     extern E:\3.46\pic18-lt\cxx-framework\src\traditional\proc\p18f452.asm
              SSPCON1bits   0x000fc6       data     extern E:\3.46\pic18-lt\cxx-framework\src\traditional\proc\p18f452.asm
                  SSPCON2   0x000fc5       data     extern E:\3.46\pic18-lt\cxx-framework\src\traditional\proc\p18f452.asm
              SSPCON2bits   0x000fc5       data     extern E:\3.46\pic18-lt\cxx-framework\src\traditional\proc\p18f452.asm
                  SSPSTAT   0x000fc7       data     extern E:\3.46\pic18-lt\cxx-framework\src\traditional\proc\p18f452.asm
              SSPSTATbits   0x000fc7       data     extern E:\3.46\pic18-lt\cxx-framework\src\traditional\proc\p18f452.asm
                   STATUS   0x000fd8       data     extern E:\3.46\pic18-lt\cxx-framework\src\traditional\proc\p18f452.asm
               STATUSbits   0x000fd8       data     extern E:\3.46\pic18-lt\cxx-framework\src\traditional\proc\p18f452.asm
                   STKPTR   0x000ffc       data     extern E:\3.46\pic18-lt\cxx-framework\src\traditional\proc\p18f452.asm
               STKPTRbits   0x000ffc       data     extern E:\3.46\pic18-lt\cxx-framework\src\traditional\proc\p18f452.asm
                    T0CON   0x000fd5       data     extern E:\3.46\pic18-lt\cxx-framework\src\traditional\proc\p18f452.asm
                T0CONbits   0x000fd5       data     extern E:\3.46\pic18-lt\cxx-framework\src\traditional\proc\p18f452.asm
                    T1CON   0x000fcd       data     extern E:\3.46\pic18-lt\cxx-framework\src\traditional\proc\p18f452.asm
                T1CONbits   0x000fcd       data     extern E:\3.46\pic18-lt\cxx-framework\src\traditional\proc\p18f452.asm
                    T2CON   0x000fca       data     extern E:\3.46\pic18-lt\cxx-framework\src\traditional\proc\p18f452.asm
                T2CONbits   0x000fca       data     extern E:\3.46\pic18-lt\cxx-framework\src\traditional\proc\p18f452.asm
                    T3CON   0x000fb1       data     extern E:\3.46\pic18-lt\cxx-framework\src\traditional\proc\p18f452.asm
                T3CONbits   0x000fb1       data     extern E:\3.46\pic18-lt\cxx-framework\src\traditional\proc\p18f452.asm
                   TABLAT   0x000ff5       data     extern E:\3.46\pic18-lt\cxx-framework\src\traditional\proc\p18f452.asm
                   TBLPTR   0x000ff6       data     extern E:\3.46\pic18-lt\cxx-framework\src\traditional\proc\p18f452.asm
                  TBLPTRH   0x000ff7       data     extern E:\3.46\pic18-lt\cxx-framework\src\traditional\proc\p18f452.asm
                  TBLPTRL   0x000ff6       data     extern E:\3.46\pic18-lt\cxx-framework\src\traditional\proc\p18f452.asm
                  TBLPTRU   0x000ff8       data     extern E:\3.46\pic18-lt\cxx-framework\src\traditional\proc\p18f452.asm
                    TMR0H   0x000fd7       data     extern E:\3.46\pic18-lt\cxx-framework\src\traditional\proc\p18f452.asm
                    TMR0L   0x000fd6       data     extern E:\3.46\pic18-lt\cxx-framework\src\traditional\proc\p18f452.asm
                    TMR1H   0x000fcf       data     extern E:\3.46\pic18-lt\cxx-framework\src\traditional\proc\p18f452.asm
                    TMR1L   0x000fce       data     extern E:\3.46\pic18-lt\cxx-framework\src\traditional\proc\p18f452.asm
                     TMR2   0x000fcc       data     extern E:\3.46\pic18-lt\cxx-framework\src\traditional\proc\p18f452.asm
                    TMR3H   0x000fb3       data     extern E:\3.46\pic18-lt\cxx-framework\src\traditional\proc\p18f452.asm
                    TMR3L   0x000fb2       data     extern E:\3.46\pic18-lt\cxx-framework\src\traditional\proc\p18f452.asm
                      TOS   0x000ffd       data     extern E:\3.46\pic18-lt\cxx-framework\src\traditional\proc\p18f452.asm
                     TOSH   0x000ffe       data     extern E:\3.46\pic18-lt\cxx-framework\src\traditional\proc\p18f452.asm
                     TOSL   0x000ffd       data     extern E:\3.46\pic18-lt\cxx-framework\src\traditional\proc\p18f452.asm
                     TOSU   0x000fff       data     extern E:\3.46\pic18-lt\cxx-framework\src\traditional\proc\p18f452.asm
                    TRISA   0x000f92       data     extern E:\3.46\pic18-lt\cxx-framework\src\traditional\proc\p18f452.asm
                TRISAbits   0x000f92       data     extern E:\3.46\pic18-lt\cxx-framework\src\traditional\proc\p18f452.asm
                    TRISB   0x000f93       data     extern E:\3.46\pic18-lt\cxx-framework\src\traditional\proc\p18f452.asm
                TRISBbits   0x000f93       data     extern E:\3.46\pic18-lt\cxx-framework\src\traditional\proc\p18f452.asm
                    TRISC   0x000f94       data     extern E:\3.46\pic18-lt\cxx-framework\src\traditional\proc\p18f452.asm
                TRISCbits   0x000f94       data     extern E:\3.46\pic18-lt\cxx-framework\src\traditional\proc\p18f452.asm
                    TRISD   0x000f95       data     extern E:\3.46\pic18-lt\cxx-framework\src\traditional\proc\p18f452.asm
                TRISDbits   0x000f95       data     extern E:\3.46\pic18-lt\cxx-framework\src\traditional\proc\p18f452.asm
                    TRISE   0x000f96       data     extern E:\3.46\pic18-lt\cxx-framework\src\traditional\proc\p18f452.asm
                TRISEbits   0x000f96       data     extern E:\3.46\pic18-lt\cxx-framework\src\traditional\proc\p18f452.asm
                    TXREG   0x000fad       data     extern E:\3.46\pic18-lt\cxx-framework\src\traditional\proc\p18f452.asm
                    TXSTA   0x000fac       data     extern E:\3.46\pic18-lt\cxx-framework\src\traditional\proc\p18f452.asm
                TXSTAbits   0x000fac       data     extern E:\3.46\pic18-lt\cxx-framework\src\traditional\proc\p18f452.asm
                  TempAvg   0x0002a9       data     static D:\ECNG 3006\LCDtest.X\_temp.c
              TempInteger   0x00029a       data     static D:\ECNG 3006\LCDtest.X\_temp.c
                  TempSum   0x0002a5       data     static D:\ECNG 3006\LCDtest.X\_temp.c
              Temperature   0x000236       data     static D:\ECNG 3006\LCDtest.X\_temp.c
                        W   0x000fe8       data     extern E:\3.46\pic18-lt\cxx-framework\src\traditional\proc\p18f452.asm
                   WDTCON   0x000fd1       data     extern E:\3.46\pic18-lt\cxx-framework\src\traditional\proc\p18f452.asm
               WDTCONbits   0x000fd1       data     extern E:\3.46\pic18-lt\cxx-framework\src\traditional\proc\p18f452.asm
                     WREG   0x000fe8       data     extern E:\3.46\pic18-lt\cxx-framework\src\traditional\proc\p18f452.asm
                 __AARGB0   0x000009       data     extern E:\3.46\pic18-lt\cxx-framework\src\traditional\math\aarg.asm
                 __AARGB1   0x000008       data     extern E:\3.46\pic18-lt\cxx-framework\src\traditional\math\aarg.asm
                 __AARGB2   0x000007       data     extern E:\3.46\pic18-lt\cxx-framework\src\traditional\math\aarg.asm
                 __AARGB3   0x000006       data     extern E:\3.46\pic18-lt\cxx-framework\src\traditional\math\aarg.asm
                 __AARGB4   0x000005       data     extern E:\3.46\pic18-lt\cxx-framework\src\traditional\math\aarg.asm
                 __AARGB5   0x000004       data     extern E:\3.46\pic18-lt\cxx-framework\src\traditional\math\aarg.asm
                 __AARGB6   0x000003       data     extern E:\3.46\pic18-lt\cxx-framework\src\traditional\math\aarg.asm
                 __AARGB7   0x000002       data     extern E:\3.46\pic18-lt\cxx-framework\src\traditional\math\aarg.asm
                   __AEXP   0x00000a       data     extern E:\3.46\pic18-lt\cxx-framework\src\traditional\math\aarg.asm
                 __BARGB0   0x00000e       data     extern E:\3.46\pic18-lt\cxx-framework\src\traditional\math\barg.asm
                 __BARGB1   0x00000d       data     extern E:\3.46\pic18-lt\cxx-framework\src\traditional\math\barg.asm
                 __BARGB2   0x00000c       data     extern E:\3.46\pic18-lt\cxx-framework\src\traditional\math\barg.asm
                 __BARGB3   0x00000b       data     extern E:\3.46\pic18-lt\cxx-framework\src\traditional\math\barg.asm
[...]
                PORTDbits   0x000f83       data     extern E:\3.46\pic18-lt\cxx-framework\src\traditional\proc\p18f452.asm
                    PORTE   0x000f84       data     extern E:\3.46\pic18-lt\cxx-framework\src\traditional\proc\p18f452.asm
                PORTEbits   0x000f84       data     extern E:\3.46\pic18-lt\cxx-framework\src\traditional\proc\p18f452.asm
                     LATA   0x000f89       data     extern E:\3.46\pic18-lt\cxx-framework\src\traditional\proc\p18f452.asm
                 LATAbits   0x000f89       data     extern E:\3.46\pic18-lt\cxx-framework\src\traditional\proc\p18f452.asm
                 LATBbits   0x000f8a       data     extern E:\3.46\pic18-lt\cxx-framework\src\traditional\proc\p18f452.asm
                     LATB   0x000f8a       data     extern E:\3.46\pic18-lt\cxx-framework\src\traditional\proc\p18f452.asm
                 LATCbits   0x000f8b       data     extern E:\3.46\pic18-lt\cxx-framework\src\traditional\proc\p18f452.asm
                     LATC   0x000f8b       data     extern E:\3.46\pic18-lt\cxx-framework\src\traditional\proc\p18f452.asm
                     LATD   0x000f8c       data     extern E:\3.46\pic18-lt\cxx-framework\src\traditional\proc\p18f452.asm
                 LATDbits   0x000f8c       data     extern E:\3.46\pic18-lt\cxx-framework\src\traditional\proc\p18f452.asm
                 LATEbits   0x000f8d       data     extern E:\3.46\pic18-lt\cxx-framework\src\traditional\proc\p18f452.asm
                     LATE   0x000f8d       data     extern E:\3.46\pic18-lt\cxx-framework\src\traditional\proc\p18f452.asm
                 DDRAbits   0x000f92       data     extern E:\3.46\pic18-lt\cxx-framework\src\traditional\proc\p18f452.asm
                     DDRA   0x000f92       data     extern E:\3.46\pic18-lt\cxx-framework\src\traditional\proc\p18f452.asm
                    TRISA   0x000f92       data     extern E:\3.46\pic18-lt\cxx-framework\src\traditional\proc\p18f452.asm
                TRISAbits   0x000f92       data     extern E:\3.46\pic18-lt\cxx-framework\src\traditional\proc\p18f452.asm
                 DDRBbits   0x000f93       data     extern E:\3.46\pic18-lt\cxx-framework\src\traditional\proc\p18f452.asm
                     DDRB   0x000f93       data     extern E:\3.46\pic18-lt\cxx-framework\src\traditional\proc\p18f452.asm
                    TRISB   0x000f93       data     extern E:\3.46\pic18-lt\cxx-framework\src\traditional\proc\p18f452.asm
                TRISBbits   0x000f93       data     extern E:\3.46\pic18-lt\cxx-framework\src\traditional\proc\p18f452.asm
                    TRISC   0x000f94       data     extern E:\3.46\pic18-lt\cxx-framework\src\traditional\proc\p18f452.asm
                TRISCbits   0x000f94       data     extern E:\3.46\pic18-lt\cxx-framework\src\traditional\proc\p18f452.asm
                     DDRC   0x000f94       data     extern E:\3.46\pic18-lt\cxx-framework\src\traditional\proc\p18f452.asm
                 DDRCbits   0x000f94       data     extern E:\3.46\pic18-lt\cxx-framework\src\traditional\proc\p18f452.asm
                    TRISD   0x000f95       data     extern E:\3.46\pic18-lt\cxx-framework\src\traditional\proc\p18f452.asm
                TRISDbits   0x000f95       data     extern E:\3.46\pic18-lt\cxx-framework\src\traditional\proc\p18f452.asm
                     DDRD   0x000f95       data     extern E:\3.46\pic18-lt\cxx-framework\src\traditional\proc\p18f452.asm
                 DDRDbits   0x000f95       data     extern E:\3.46\pic18-lt\cxx-framework\src\traditional\proc\p18f452.asm
                    TRISE   0x000f96       data     extern E:\3.46\pic18-lt\cxx-framework\src\traditional\proc\p18f452.asm
                TRISEbits   0x000f96       data     extern E:\3.46\pic18-lt\cxx-framework\src\traditional\proc\p18f452.asm
                     DDRE   0x000f96       data     extern E:\3.46\pic18-lt\cxx-framework\src\traditional\proc\p18f452.asm
                 DDREbits   0x000f96       data     extern E:\3.46\pic18-lt\cxx-framework\src\traditional\proc\p18f452.asm
                 PIE1bits   0x000f9d       data     extern E:\3.46\pic18-lt\cxx-framework\src\traditional\proc\p18f452.asm
                     PIE1   0x000f9d       data     extern E:\3.46\pic18-lt\cxx-framework\src\traditional\proc\p18f452.asm
                     PIR1   0x000f9e       data     extern E:\3.46\pic18-lt\cxx-framework\src\traditional\proc\p18f452.asm
                 PIR1bits   0x000f9e       data     extern E:\3.46\pic18-lt\cxx-framework\src\traditional\proc\p18f452.asm
                 IPR1bits   0x000f9f       data     extern E:\3.46\pic18-lt\cxx-framework\src\traditional\proc\p18f452.asm
                     IPR1   0x000f9f       data     extern E:\3.46\pic18-lt\cxx-framework\src\traditional\proc\p18f452.asm
                     PIE2   0x000fa0       data     extern E:\3.46\pic18-lt\cxx-framework\src\traditional\proc\p18f452.asm
                 PIE2bits   0x000fa0       data     extern E:\3.46\pic18-lt\cxx-framework\src\traditional\proc\p18f452.asm
                     PIR2   0x000fa1       data     extern E:\3.46\pic18-lt\cxx-framework\src\traditional\proc\p18f452.asm
                 PIR2bits   0x000fa1       data     extern E:\3.46\pic18-lt\cxx-framework\src\traditional\proc\p18f452.asm
                 IPR2bits   0x000fa2       data     extern E:\3.46\pic18-lt\cxx-framework\src\traditional\proc\p18f452.asm
                     IPR2   0x000fa2       data     extern E:\3.46\pic18-lt\cxx-framework\src\traditional\proc\p18f452.asm
               EECON1bits   0x000fa6       data     extern E:\3.46\pic18-lt\cxx-framework\src\traditional\proc\p18f452.asm
                   EECON1   0x000fa6       data     extern E:\3.46\pic18-lt\cxx-framework\src\traditional\proc\p18f452.asm
                   EECON2   0x000fa7       data     extern E:\3.46\pic18-lt\cxx-framework\src\traditional\proc\p18f452.asm
                   EEDATA   0x000fa8       data     extern E:\3.46\pic18-lt\cxx-framework\src\traditional\proc\p18f452.asm
                    EEADR   0x000fa9       data     extern E:\3.46\pic18-lt\cxx-framework\src\traditional\proc\p18f452.asm
                    RCSTA   0x000fab       data     extern E:\3.46\pic18-lt\cxx-framework\src\traditional\proc\p18f452.asm
                RCSTAbits   0x000fab       data     extern E:\3.46\pic18-lt\cxx-framework\src\traditional\proc\p18f452.asm
                TXSTAbits   0x000fac       data     extern E:\3.46\pic18-lt\cxx-framework\src\traditional\proc\p18f452.asm
                    TXSTA   0x000fac       data     extern E:\3.46\pic18-lt\cxx-framework\src\traditional\proc\p18f452.asm
                    TXREG   0x000fad       data     extern E:\3.46\pic18-lt\cxx-framework\src\traditional\proc\p18f452.asm
                    RCREG   0x000fae       data     extern E:\3.46\pic18-lt\cxx-framework\src\traditional\proc\p18f452.asm
                    SPBRG   0x000faf       data     extern E:\3.46\pic18-lt\cxx-framework\src\traditional\proc\p18f452.asm
                    T3CON   0x000fb1       data     extern E:\3.46\pic18-lt\cxx-framework\src\traditional\proc\p18f452.asm
                T3CONbits   0x000fb1       data     extern E:\3.46\pic18-lt\cxx-framework\src\traditional\proc\p18f452.asm
                    TMR3L   0x000fb2       data     extern E:\3.46\pic18-lt\cxx-framework\src\traditional\proc\p18f452.asm
                    TMR3H   0x000fb3       data     extern E:\3.46\pic18-lt\cxx-framework\src\traditional\proc\p18f452.asm
                  CCP2CON   0x000fba       data     extern E:\3.46\pic18-lt\cxx-framework\src\traditional\proc\p18f452.asm
              CCP2CONbits   0x000fba       data     extern E:\3.46\pic18-lt\cxx-framework\src\traditional\proc\p18f452.asm
                    CCPR2   0x000fbb       data     extern E:\3.46\pic18-lt\cxx-framework\src\traditional\proc\p18f452.asm
                   CCPR2L   0x000fbb       data     extern E:\3.46\pic18-lt\cxx-framework\src\traditional\proc\p18f452.asm
                   CCPR2H   0x000fbc       data     extern E:\3.46\pic18-lt\cxx-framework\src\traditional\proc\p18f452.asm
              CCP1CONbits   0x000fbd       data     extern E:\3.46\pic18-lt\cxx-framework\src\traditional\proc\p18f452.asm
                  CCP1CON   0x000fbd       data     extern E:\3.46\pic18-lt\cxx-framework\src\traditional\proc\p18f452.asm
                   CCPR1L   0x000fbe       data     extern E:\3.46\pic18-lt\cxx-framework\src\traditional\proc\p18f452.asm
                    CCPR1   0x000fbe       data     extern E:\3.46\pic18-lt\cxx-framework\src\traditional\proc\p18f452.asm
                   CCPR1H   0x000fbf       data     extern E:\3.46\pic18-lt\cxx-framework\src\traditional\proc\p18f452.asm
               ADCON1bits   0x000fc1       data     extern E:\3.46\pic18-lt\cxx-framework\src\traditional\proc\p18f452.asm
                   ADCON1   0x000fc1       data     extern E:\3.46\pic18-lt\cxx-framework\src\traditional\proc\p18f452.asm
                   ADCON0   0x000fc2       data     extern E:\3.46\pic18-lt\cxx-framework\src\traditional\proc\p18f452.asm
               ADCON0bits   0x000fc2       data     extern E:\3.46\pic18-lt\cxx-framework\src\traditional\proc\p18f452.asm
                    ADRES   0x000fc3       data     extern E:\3.46\pic18-lt\cxx-framework\src\traditional\proc\p18f452.asm
                   ADRESL   0x000fc3       data     extern E:\3.46\pic18-lt\cxx-framework\src\traditional\proc\p18f452.asm
                   ADRESH   0x000fc4       data     extern E:\3.46\pic18-lt\cxx-framework\src\traditional\proc\p18f452.asm
                  SSPCON2   0x000fc5       data     extern E:\3.46\pic18-lt\cxx-framework\src\traditional\proc\p18f452.asm
              SSPCON2bits   0x000fc5       data     extern E:\3.46\pic18-lt\cxx-framework\src\traditional\proc\p18f452.asm
                  SSPCON1   0x000fc6       data     extern E:\3.46\pic18-lt\cxx-framework\src\traditional\proc\p18f452.asm
              SSPCON1bits   0x000fc6       data     extern E:\3.46\pic18-lt\cxx-framework\src\traditional\proc\p18f452.asm
                  SSPSTAT   0x000fc7       data     extern E:\3.46\pic18-lt\cxx-framework\src\traditional\proc\p18f452.asm
              SSPSTATbits   0x000fc7       data     extern E:\3.46\pic18-lt\cxx-framework\src\traditional\proc\p18f452.asm
                   SSPADD   0x000fc8       data     extern E:\3.46\pic18-lt\cxx-framework\src\traditional\proc\p18f452.asm
                   SSPBUF   0x000fc9       data     extern E:\3.46\pic18-lt\cxx-framework\src\traditional\proc\p18f452.asm
                    T2CON   0x000fca       data     extern E:\3.46\pic18-lt\cxx-framework\src\traditional\proc\p18f452.asm
                T2CONbits   0x000fca       data     extern E:\3.46\pic18-lt\cxx-framework\src\traditional\proc\p18f452.asm
                      PR2   0x000fcb       data     extern E:\3.46\pic18-lt\cxx-framework\src\traditional\proc\p18f452.asm
                     TMR2   0x000fcc       data     extern E:\3.46\pic18-lt\cxx-framework\src\traditional\proc\p18f452.asm
                T1CONbits   0x000fcd       data     extern E:\3.46\pic18-lt\cxx-framework\src\traditional\proc\p18f452.asm
                    T1CON   0x000fcd       data     extern E:\3.46\pic18-lt\cxx-framework\src\traditional\proc\p18f452.asm
                    TMR1L   0x000fce       data     extern E:\3.46\pic18-lt\cxx-framework\src\traditional\proc\p18f452.asm
                    TMR1H   0x000fcf       data     extern E:\3.46\pic18-lt\cxx-framework\src\traditional\proc\p18f452.asm
                     RCON   0x000fd0       data     extern E:\3.46\pic18-lt\cxx-framework\src\traditional\proc\p18f452.asm
                 RCONbits   0x000fd0       data     extern E:\3.46\pic18-lt\cxx-framework\src\traditional\proc\p18f452.asm
                   WDTCON   0x000fd1       data     extern E:\3.46\pic18-lt\cxx-framework\src\traditional\proc\p18f452.asm
               WDTCONbits   0x000fd1       data     extern E:\3.46\pic18-lt\cxx-framework\src\traditional\proc\p18f452.asm
               LVDCONbits   0x000fd2       data     extern E:\3.46\pic18-lt\cxx-framework\src\traditional\proc\p18f452.asm
                   LVDCON   0x000fd2       data     extern E:\3.46\pic18-lt\cxx-framework\src\traditional\proc\p18f452.asm
               OSCCONbits   0x000fd3       data     extern E:\3.46\pic18-lt\cxx-framework\src\traditional\proc\p18f452.asm
                   OSCCON   0x000fd3       data     extern E:\3.46\pic18-lt\cxx-framework\src\traditional\proc\p18f452.asm
                    T0CON   0x000fd5       data     extern E:\3.46\pic18-lt\cxx-framework\src\traditional\proc\p18f452.asm
                T0CONbits   0x000fd5       data     extern E:\3.46\pic18-lt\cxx-framework\src\traditional\proc\p18f452.asm
                    TMR0L   0x000fd6       data     extern E:\3.46\pic18-lt\cxx-framework\src\traditional\proc\p18f452.asm
                    TMR0H   0x000fd7       data     extern E:\3.46\pic18-lt\cxx-framework\src\traditional\proc\p18f452.asm
               STATUSbits   0x000fd8       data     extern E:\3.46\pic18-lt\cxx-framework\src\traditional\proc\p18f452.asm
                   STATUS   0x000fd8       data     extern E:\3.46\pic18-lt\cxx-framework\src\traditional\proc\p18f452.asm
                    FSR2L   0x000fd9       data     extern E:\3.46\pic18-lt\cxx-framework\src\traditional\proc\p18f452.asm
                     FSR2   0x000fd9       data     extern E:\3.46\pic18-lt\cxx-framework\src\traditional\proc\p18f452.asm
                    FSR2H   0x000fda       data     extern E:\3.46\pic18-lt\cxx-framework\src\traditional\proc\p18f452.asm
                   PLUSW2   0x000fdb       data     extern E:\3.46\pic18-lt\cxx-framework\src\traditional\proc\p18f452.asm
                  PREINC2   0x000fdc       data     extern E:\3.46\pic18-lt\cxx-framework\src\traditional\proc\p18f452.asm
                 POSTDEC2   0x000fdd       data     extern E:\3.46\pic18-lt\cxx-framework\src\traditional\proc\p18f452.asm
                 POSTINC2   0x000fde       data     extern E:\3.46\pic18-lt\cxx-framework\src\traditional\proc\p18f452.asm
                    INDF2   0x000fdf       data     extern E:\3.46\pic18-lt\cxx-framework\src\traditional\proc\p18f452.asm
                      BSR   0x000fe0       data     extern E:\3.46\pic18-lt\cxx-framework\src\traditional\proc\p18f452.asm
                     FSR1   0x000fe1       data     extern E:\3.46\pic18-lt\cxx-framework\src\traditional\proc\p18f452.asm
                    FSR1L   0x000fe1       data     extern E:\3.46\pic18-lt\cxx-framework\src\traditional\proc\p18f452.asm
                    FSR1H   0x000fe2       data     extern E:\3.46\pic18-lt\cxx-framework\src\traditional\proc\p18f452.asm
                   PLUSW1   0x000fe3       data     extern E:\3.46\pic18-lt\cxx-framework\src\traditional\proc\p18f452.asm
                  PREINC1   0x000fe4       data     extern E:\3.46\pic18-lt\cxx-framework\src\traditional\proc\p18f452.asm
                 POSTDEC1   0x000fe5       data     extern E:\3.46\pic18-lt\cxx-framework\src\traditional\proc\p18f452.asm
                 POSTINC1   0x000fe6       data     extern E:\3.46\pic18-lt\cxx-framework\src\traditional\proc\p18f452.asm
                    INDF1   0x000fe7       data     extern E:\3.46\pic18-lt\cxx-framework\src\traditional\proc\p18f452.asm
                     WREG   0x000fe8       data     extern E:\3.46\pic18-lt\cxx-framework\src\traditional\proc\p18f452.asm
                        W   0x000fe8       data     extern E:\3.46\pic18-lt\cxx-framework\src\traditional\proc\p18f452.asm
                     FSR0   0x000fe9       data     extern E:\3.46\pic18-lt\cxx-framework\src\traditional\proc\p18f452.asm
                    FSR0L   0x000fe9       data     extern E:\3.46\pic18-lt\cxx-framework\src\traditional\proc\p18f452.asm
                    FSR0H   0x000fea       data     extern E:\3.46\pic18-lt\cxx-framework\src\traditional\proc\p18f452.asm
                   PLUSW0   0x000feb       data     extern E:\3.46\pic18-lt\cxx-framework\src\traditional\proc\p18f452.asm
                  PREINC0   0x000fec       data     extern E:\3.46\pic18-lt\cxx-framework\src\traditional\proc\p18f452.asm
                 POSTDEC0   0x000fed       data     extern E:\3.46\pic18-lt\cxx-framework\src\traditional\proc\p18f452.asm
                 POSTINC0   0x000fee       data     extern E:\3.46\pic18-lt\cxx-framework\src\traditional\proc\p18f452.asm
                    INDF0   0x000fef       data     extern E:\3.46\pic18-lt\cxx-framework\src\traditional\proc\p18f452.asm
              INTCON3bits   0x000ff0       data     extern E:\3.46\pic18-lt\cxx-framework\src\traditional\proc\p18f452.asm
                  INTCON3   0x000ff0       data     extern E:\3.46\pic18-lt\cxx-framework\src\traditional\proc\p18f452.asm
              INTCON2bits   0x000ff1       data     extern E:\3.46\pic18-lt\cxx-framework\src\traditional\proc\p18f452.asm
                  INTCON2   0x000ff1       data     extern E:\3.46\pic18-lt\cxx-framework\src\traditional\proc\p18f452.asm
                   INTCON   0x000ff2       data     extern E:\3.46\pic18-lt\cxx-framework\src\traditional\proc\p18f452.asm
                  INTCON1   0x000ff2       data     extern E:\3.46\pic18-lt\cxx-framework\src\traditional\proc\p18f452.asm
              INTCON1bits   0x000ff2       data     extern E:\3.46\pic18-lt\cxx-framework\src\traditional\proc\p18f452.asm
               INTCONbits   0x000ff2       data     extern E:\3.46\pic18-lt\cxx-framework\src\traditional\proc\p18f452.asm
                    PRODL   0x000ff3       data     extern E:\3.46\pic18-lt\cxx-framework\src\traditional\proc\p18f452.asm
                     PROD   0x000ff3       data     extern E:\3.46\pic18-lt\cxx-framework\src\traditional\proc\p18f452.asm
                    PRODH   0x000ff4       data     extern E:\3.46\pic18-lt\cxx-framework\src\traditional\proc\p18f452.asm
                   TABLAT   0x000ff5       data     extern E:\3.46\pic18-lt\cxx-framework\src\traditional\proc\p18f452.asm
                   TBLPTR   0x000ff6       data     extern E:\3.46\pic18-lt\cxx-framework\src\traditional\proc\p18f452.asm
                  TBLPTRL   0x000ff6       data     extern E:\3.46\pic18-lt\cxx-framework\src\traditional\proc\p18f452.asm
                  TBLPTRH   0x000ff7       data     extern E:\3.46\pic18-lt\cxx-framework\src\traditional\proc\p18f452.asm
                  TBLPTRU   0x000ff8       data     extern E:\3.46\pic18-lt\cxx-framework\src\traditional\proc\p18f452.asm
                       PC   0x000ff9       data     extern E:\3.46\pic18-lt\cxx-framework\src\traditional\proc\p18f452.asm
                      PCL   0x000ff9       data     extern E:\3.46\pic18-lt\cxx-framework\src\traditional\proc\p18f452.asm
                   PCLATH   0x000ffa       data     extern E:\3.46\pic18-lt\cxx-framework\src\traditional\proc\p18f452.asm
                   PCLATU   0x000ffb       data     extern E:\3.46\pic18-lt\cxx-framework\src\traditional\proc\p18f452.asm
                   STKPTR   0x000ffc       data     extern E:\3.46\pic18-lt\cxx-framework\src\traditional\proc\p18f452.asm
               STKPTRbits   0x000ffc       data     extern E:\3.46\pic18-lt\cxx-framework\src\traditional\proc\p18f452.asm
                     TOSL   0x000ffd       data     extern E:\3.46\pic18-lt\cxx-framework\src\traditional\proc\p18f452.asm
                      TOS   0x000ffd       data     extern E:\3.46\pic18-lt\cxx-framework\src\traditional\proc\p18f452.asm
                     TOSH   0x000ffe       data     extern E:\3.46\pic18-lt\cxx-framework\src\traditional\proc\p18f452.asm
                     TOSU   0x000fff       data     extern E:\3.46\pic18-lt\cxx-framework\src\traditional\proc\p18f452.asm


